<html>
<body>
<pre>
<h1>礦ision Build Log</h1>
<h2>Tool Versions:</h2>
IDE-Version: μVision V5.22.0.0
Copyright (C) 2016 ARM Ltd and ARM Germany GmbH. All rights reserved.
License Information: 123 123, 123, LIC=BUURY-INEYD-BSVYX-H7FES-11VVX-VEPUH
 
Tool Versions:
Toolchain:       MDK-ARM Plus  Version: 5.22
Toolchain Path:  G:\Keil_v5\ARM\ARMCC\Bin
C Compiler:      Armcc.exe V5.06 update 4 (build 422)
Assembler:       Armasm.exe V5.06 update 4 (build 422)
Linker/Locator:  ArmLink.exe V5.06 update 4 (build 422)
Library Manager: ArmAr.exe V5.06 update 4 (build 422)
Hex Converter:   FromElf.exe V5.06 update 4 (build 422)
CPU DLL:         SARMCM3.DLL V5.22
Dialog DLL:      DCM.DLL V1.13.9.0
Target DLL:      CMSIS_AGDI.dll V1.27.0.0
Dialog DLL:      TCM.DLL V1.21.0.0
 
<h2>Project:</h2>
F:\nxp\EasyARM-RT1052开发板光盘资料硬件参考设计\【光盘资料】EasyARM-RT1052开发板\3.示例代码\SDK_2.4.1_EasyARM-RT1052-V1_0\boards\EasyARM-RT1052-V1_0\usb_examples\usb_host_cdc\freertos\mdk\host_cdc_freertos.uvprojx
Project File Date:  06/05/2018

<h2>Output:</h2>
*** Using Compiler 'V5.06 update 4 (build 422)', folder: 'G:\Keil_v5\ARM\ARMCC\Bin'
Build target 'host_cdc_freertos sdram_debug'
compiling usb_lpuart_drv.c...
compiling app.c...
compiling host_cdc.c...
compiling board.c...
compiling clock_config.c...
compiling pin_mux.c...
compiling usb_host_hci.c...
compiling usb_host_devices.c...
compiling usb_host_ehci.c...
compiling usb_host_framework.c...
compiling usb_phy.c...
compiling usb_osa_freertos.c...
compiling fsl_common.c...
compiling fsl_cache.c...
compiling fsl_clock.c...
compiling heap_4.c...
compiling port.c...
compiling event_groups.c...
compiling list.c...
compiling queue.c...
compiling stream_buffer.c...
compiling tasks.c...
compiling timers.c...
compiling fsl_tickless_systick.c...
compiling fsl_gpio.c...
compiling fsl_lpuart.c...
compiling usb_host_hub.c...
compiling usb_host_hub_app.c...
compiling usb_host_cdc.c...
assembling startup_MIMXRT1052.s...
compiling system_MIMXRT1052.c...
compiling fsl_io.c...
compiling fsl_log.c...
compiling fsl_str.c...
compiling fsl_debug_console.c...
compiling fsl_assert.c...
compiling evkbimxrt1050_sdram_ini_dcd.c...
compiling fsl_flexspi_nor_boot.c...
compiling evkbimxrt1050_flexspi_nor_config.c...
linking...
Program Size: Code=42292 RO-data=1540 RW-data=248 ZI-data=66520  
"sdram_debug\host_cdc_freertos.out" - 0 Error(s), 0 Warning(s).

<h2>Collection of Component include folders:</h2>
  F:\nxp\EasyARM-RT1052开发板光盘资料硬件参考设计\【光盘资料】EasyARM-RT1052开发板\3.示例代码\SDK_2.4.1_EasyARM-RT1052-V1_0\boards\EasyARM-RT1052-V1_0\usb_examples\usb_host_cdc\freertos\mdk\RTE\_host_cdc_freertos_sdram_debug
  G:\Keil_v5\ARM\PACK\NXP\MIMXRT1052_DFP\14.0.0

<h2>Collection of Component Files used:</h2>
Build Time Elapsed:  00:02:58
</pre>
</body>
</html>
