Component: ARM Compiler 5.06 update 4 (build 422) Tool: armlink [4d35d2]

==============================================================================

Section Cross References

    usb_lpuart_drv.o(i.USB_SerialPortDeinit) refers to fsl_lpuart.o(i.LPUART_Deinit) for LPUART_Deinit
    usb_lpuart_drv.o(i.USB_SerialPortIRQHandler) refers to fsl_lpuart.o(i.LPUART_TransferHandleIRQ) for LPUART_TransferHandleIRQ
    usb_lpuart_drv.o(i.USB_SerialPortInit) refers to memcpya.o(.text) for __aeabi_memcpy4
    usb_lpuart_drv.o(i.USB_SerialPortInit) refers to fsl_lpuart.o(i.LPUART_GetDefaultConfig) for LPUART_GetDefaultConfig
    usb_lpuart_drv.o(i.USB_SerialPortInit) refers to fsl_lpuart.o(i.LPUART_Init) for LPUART_Init
    usb_lpuart_drv.o(i.USB_SerialPortInit) refers to fsl_lpuart.o(i.LPUART_TransferCreateHandle) for LPUART_TransferCreateHandle
    usb_lpuart_drv.o(i.USB_SerialPortInit) refers to usb_lpuart_drv.o(.constdata) for .constdata
    usb_lpuart_drv.o(i.USB_SerialPortInit) refers to usb_lpuart_drv.o(.bss) for lpuartStatus
    usb_lpuart_drv.o(i.USB_SerialPortInit) refers to usb_lpuart_drv.o(i.LPUART_SeralPortTransferCallback) for LPUART_SeralPortTransferCallback
    usb_lpuart_drv.o(i.USB_SerialPortRecv) refers to fsl_lpuart.o(i.LPUART_TransferReceiveNonBlocking) for LPUART_TransferReceiveNonBlocking
    usb_lpuart_drv.o(i.USB_SerialPortSend) refers to fsl_lpuart.o(i.LPUART_TransferSendNonBlocking) for LPUART_TransferSendNonBlocking
    app.o(i.APP_init) refers to board.o(i.BOARD_DebugConsoleSrcFreq) for BOARD_DebugConsoleSrcFreq
    app.o(i.APP_init) refers to usb_lpuart_drv.o(i.USB_SerialPortInit) for USB_SerialPortInit
    app.o(i.APP_init) refers to usb_lpuart_drv.o(i.USB_SerialPortRecv) for USB_SerialPortRecv
    app.o(i.APP_init) refers to host_cdc.o(i.USB_HostCdcInitBuffer) for USB_HostCdcInitBuffer
    app.o(i.APP_init) refers to app.o(i.USB_HostClockInit) for USB_HostClockInit
    app.o(i.APP_init) refers to usb_host_hci.o(i.USB_HostInit) for USB_HostInit
    app.o(i.APP_init) refers to fsl_debug_console.o(i.DbgConsole_Printf) for DbgConsole_Printf
    app.o(i.APP_init) refers to app.o(i.USB_HostIsrEnable) for USB_HostIsrEnable
    app.o(i.APP_init) refers to host_cdc.o(.data) for usbRecvUart
    app.o(i.APP_init) refers to app.o(.data) for g_xfer
    app.o(i.APP_init) refers to host_cdc.o(i.UART_UserCallback) for UART_UserCallback
    app.o(i.APP_init) refers to app.o(.bss) for g_UartHandle
    app.o(i.APP_init) refers to app.o(i.USB_HostEvent) for USB_HostEvent
    app.o(i.APP_init) refers to app.o(.conststring) for .conststring
    app.o(i.USB_HostClockInit) refers to fsl_clock.o(i.CLOCK_EnableUsbhs0PhyPllClock) for CLOCK_EnableUsbhs0PhyPllClock
    app.o(i.USB_HostClockInit) refers to fsl_clock.o(i.CLOCK_EnableUsbhs0Clock) for CLOCK_EnableUsbhs0Clock
    app.o(i.USB_HostClockInit) refers to usb_phy.o(i.USB_EhciPhyInit) for USB_EhciPhyInit
    app.o(i.USB_HostClockInit) refers to app.o(.constdata) for .constdata
    app.o(i.USB_HostEvent) refers to host_cdc.o(i.USB_HostCdcEvent) for USB_HostCdcEvent
    app.o(i.USB_HostEvent) refers to fsl_debug_console.o(i.DbgConsole_Printf) for DbgConsole_Printf
    app.o(i.USB_HostTaskFn) refers to usb_host_ehci.o(i.USB_HostEhciTaskFunction) for USB_HostEhciTaskFunction
    app.o(i.USB_OTG1_IRQHandler) refers to usb_host_ehci.o(i.USB_HostEhciIsrFunction) for USB_HostEhciIsrFunction
    app.o(i.USB_OTG1_IRQHandler) refers to app.o(.data) for g_hostHandle
    app.o(i.USB_OTG2_IRQHandler) refers to usb_host_ehci.o(i.USB_HostEhciIsrFunction) for USB_HostEhciIsrFunction
    app.o(i.USB_OTG2_IRQHandler) refers to app.o(.data) for g_hostHandle
    app.o(i.app_task) refers to host_cdc.o(i.USB_HosCdcTask) for USB_HosCdcTask
    app.o(i.app_task) refers to host_cdc.o(.bss) for g_cdc
    app.o(i.main) refers to board.o(i.BOARD_ConfigMPU) for BOARD_ConfigMPU
    app.o(i.main) refers to pin_mux.o(i.BOARD_InitPins) for BOARD_InitPins
    app.o(i.main) refers to clock_config.o(i.BOARD_BootClockRUN) for BOARD_BootClockRUN
    app.o(i.main) refers to board.o(i.BOARD_InitDebugConsole) for BOARD_InitDebugConsole
    app.o(i.main) refers to app.o(i.APP_init) for APP_init
    app.o(i.main) refers to tasks.o(i.xTaskCreate) for xTaskCreate
    app.o(i.main) refers to fsl_debug_console.o(i.DbgConsole_Printf) for DbgConsole_Printf
    app.o(i.main) refers to tasks.o(i.vTaskStartScheduler) for vTaskStartScheduler
    app.o(i.main) refers to app.o(.data) for g_hostHandle
    app.o(i.main) refers to app.o(i.usb_host_task) for usb_host_task
    app.o(i.main) refers to app.o(i.app_task) for app_task
    app.o(i.usb_host_task) refers to app.o(i.USB_HostTaskFn) for USB_HostTaskFn
    host_cdc.o(i.LPUART1_IRQHandler) refers to usb_lpuart_drv.o(i.USB_SerialPortIRQHandler) for USB_SerialPortIRQHandler
    host_cdc.o(i.LPUART1_IRQHandler) refers to app.o(.bss) for g_UartHandle
    host_cdc.o(i.UART_UserCallback) refers to usb_lpuart_drv.o(i.USB_SerialPortRecv) for USB_SerialPortRecv
[...]
    _main_init                               0x00000409   Thumb Code     0  entry9a.o(.ARM.Collect$$$$0000000B)
    __rt_final_cpp                           0x00000411   Thumb Code     0  entry10a.o(.ARM.Collect$$$$0000000D)
    __rt_final_exit                          0x00000411   Thumb Code     0  entry11a.o(.ARM.Collect$$$$0000000F)
    SVC_Handler                              0x00000415   Thumb Code    28  port.o(.emb_text)
    __asm___6_port_c_39a90d8d__prvStartFirstTask 0x00000435   Thumb Code    36  port.o(.emb_text)
    __asm___6_port_c_39a90d8d__prvEnableVFP  0x0000045d   Thumb Code    16  port.o(.emb_text)
    PendSV_Handler                           0x00000471   Thumb Code    88  port.o(.emb_text)
    vPortGetIPSR                             0x000004cd   Thumb Code     6  port.o(.emb_text)
    Reset_Handler                            0x000004d5   Thumb Code    24  startup_mimxrt1052.o(.text)
    NMI_Handler                              0x000004ed   Thumb Code     2  startup_mimxrt1052.o(.text)
    HardFault_Handler                        0x000004ef   Thumb Code     2  startup_mimxrt1052.o(.text)
    MemManage_Handler                        0x000004f1   Thumb Code     2  startup_mimxrt1052.o(.text)
    BusFault_Handler                         0x000004f3   Thumb Code     2  startup_mimxrt1052.o(.text)
    UsageFault_Handler                       0x000004f5   Thumb Code     2  startup_mimxrt1052.o(.text)
    DebugMon_Handler                         0x000004f9   Thumb Code     2  startup_mimxrt1052.o(.text)
    DMA0_DMA16_IRQHandler                    0x000004ff   Thumb Code     4  startup_mimxrt1052.o(.text)
    DMA1_DMA17_IRQHandler                    0x00000503   Thumb Code     4  startup_mimxrt1052.o(.text)
    DMA2_DMA18_IRQHandler                    0x00000507   Thumb Code     4  startup_mimxrt1052.o(.text)
    DMA3_DMA19_IRQHandler                    0x0000050b   Thumb Code     4  startup_mimxrt1052.o(.text)
    DMA4_DMA20_IRQHandler                    0x0000050f   Thumb Code     4  startup_mimxrt1052.o(.text)
    DMA5_DMA21_IRQHandler                    0x00000513   Thumb Code     4  startup_mimxrt1052.o(.text)
    DMA6_DMA22_IRQHandler                    0x00000517   Thumb Code     4  startup_mimxrt1052.o(.text)
    DMA7_DMA23_IRQHandler                    0x0000051b   Thumb Code     4  startup_mimxrt1052.o(.text)
    DMA8_DMA24_IRQHandler                    0x0000051f   Thumb Code     4  startup_mimxrt1052.o(.text)
    DMA9_DMA25_IRQHandler                    0x00000523   Thumb Code     4  startup_mimxrt1052.o(.text)
    DMA10_DMA26_IRQHandler                   0x00000527   Thumb Code     4  startup_mimxrt1052.o(.text)
    DMA11_DMA27_IRQHandler                   0x0000052b   Thumb Code     4  startup_mimxrt1052.o(.text)
    DMA12_DMA28_IRQHandler                   0x0000052f   Thumb Code     4  startup_mimxrt1052.o(.text)
    DMA13_DMA29_IRQHandler                   0x00000533   Thumb Code     4  startup_mimxrt1052.o(.text)
    DMA14_DMA30_IRQHandler                   0x00000537   Thumb Code     4  startup_mimxrt1052.o(.text)
    DMA15_DMA31_IRQHandler                   0x0000053b   Thumb Code     4  startup_mimxrt1052.o(.text)
    DMA_ERROR_IRQHandler                     0x0000053f   Thumb Code     4  startup_mimxrt1052.o(.text)
    LPUART2_IRQHandler                       0x00000547   Thumb Code     4  startup_mimxrt1052.o(.text)
    LPUART3_IRQHandler                       0x0000054b   Thumb Code     4  startup_mimxrt1052.o(.text)
    LPUART4_IRQHandler                       0x0000054f   Thumb Code     4  startup_mimxrt1052.o(.text)
    LPUART5_IRQHandler                       0x00000553   Thumb Code     4  startup_mimxrt1052.o(.text)
    LPUART6_IRQHandler                       0x00000557   Thumb Code     4  startup_mimxrt1052.o(.text)
    LPUART7_IRQHandler                       0x0000055b   Thumb Code     4  startup_mimxrt1052.o(.text)
    LPUART8_IRQHandler                       0x0000055f   Thumb Code     4  startup_mimxrt1052.o(.text)
    LPI2C1_IRQHandler                        0x00000563   Thumb Code     4  startup_mimxrt1052.o(.text)
    LPI2C2_IRQHandler                        0x00000567   Thumb Code     4  startup_mimxrt1052.o(.text)
    LPI2C3_IRQHandler                        0x0000056b   Thumb Code     4  startup_mimxrt1052.o(.text)
    LPI2C4_IRQHandler                        0x0000056f   Thumb Code     4  startup_mimxrt1052.o(.text)
    LPSPI1_IRQHandler                        0x00000573   Thumb Code     4  startup_mimxrt1052.o(.text)
    LPSPI2_IRQHandler                        0x00000577   Thumb Code     4  startup_mimxrt1052.o(.text)
    LPSPI3_IRQHandler                        0x0000057b   Thumb Code     4  startup_mimxrt1052.o(.text)
    LPSPI4_IRQHandler                        0x0000057f   Thumb Code     4  startup_mimxrt1052.o(.text)
    CAN1_IRQHandler                          0x00000583   Thumb Code     4  startup_mimxrt1052.o(.text)
    CAN2_IRQHandler                          0x00000587   Thumb Code     4  startup_mimxrt1052.o(.text)
    SAI1_IRQHandler                          0x0000058b   Thumb Code     4  startup_mimxrt1052.o(.text)
    SAI2_IRQHandler                          0x0000058f   Thumb Code     4  startup_mimxrt1052.o(.text)
    SAI3_RX_IRQHandler                       0x00000593   Thumb Code     4  startup_mimxrt1052.o(.text)
    SAI3_TX_IRQHandler                       0x00000597   Thumb Code     4  startup_mimxrt1052.o(.text)
    SPDIF_IRQHandler                         0x0000059b   Thumb Code     4  startup_mimxrt1052.o(.text)
    FLEXIO1_IRQHandler                       0x0000059f   Thumb Code     4  startup_mimxrt1052.o(.text)
    FLEXIO2_IRQHandler                       0x000005a3   Thumb Code     4  startup_mimxrt1052.o(.text)
    FLEXSPI_IRQHandler                       0x000005a7   Thumb Code     4  startup_mimxrt1052.o(.text)
    USDHC1_IRQHandler                        0x000005ab   Thumb Code     4  startup_mimxrt1052.o(.text)
    USDHC2_IRQHandler                        0x000005af   Thumb Code     4  startup_mimxrt1052.o(.text)
    ENET_IRQHandler                          0x000005b3   Thumb Code     4  startup_mimxrt1052.o(.text)
    ENET_1588_Timer_IRQHandler               0x000005b7   Thumb Code     4  startup_mimxrt1052.o(.text)
    ACMP1_IRQHandler                         0x000005bb   Thumb Code     0  startup_mimxrt1052.o(.text)
    ACMP2_IRQHandler                         0x000005bb   Thumb Code     0  startup_mimxrt1052.o(.text)
    ACMP3_IRQHandler                         0x000005bb   Thumb Code     0  startup_mimxrt1052.o(.text)
    ACMP4_IRQHandler                         0x000005bb   Thumb Code     0  startup_mimxrt1052.o(.text)
    ADC1_IRQHandler                          0x000005bb   Thumb Code     0  startup_mimxrt1052.o(.text)
    ADC2_IRQHandler                          0x000005bb   Thumb Code     0  startup_mimxrt1052.o(.text)
    ADC_ETC_ERROR_IRQ_IRQHandler             0x000005bb   Thumb Code     0  startup_mimxrt1052.o(.text)
    ADC_ETC_IRQ0_IRQHandler                  0x000005bb   Thumb Code     0  startup_mimxrt1052.o(.text)
    ADC_ETC_IRQ1_IRQHandler                  0x000005bb   Thumb Code     0  startup_mimxrt1052.o(.text)
    ADC_ETC_IRQ2_IRQHandler                  0x000005bb   Thumb Code     0  startup_mimxrt1052.o(.text)
    ANATOP_EVENT0_IRQHandler                 0x000005bb   Thumb Code     0  startup_mimxrt1052.o(.text)
    ANATOP_EVENT1_IRQHandler                 0x000005bb   Thumb Code     0  startup_mimxrt1052.o(.text)
    ANATOP_TAMP_LOW_HIGH_IRQHandler          0x000005bb   Thumb Code     0  startup_mimxrt1052.o(.text)
    ANATOP_TEMP_PANIC_IRQHandler             0x000005bb   Thumb Code     0  startup_mimxrt1052.o(.text)
    BEE_IRQHandler                           0x000005bb   Thumb Code     0  startup_mimxrt1052.o(.text)
    CAN1_DriverIRQHandler                    0x000005bb   Thumb Code     0  startup_mimxrt1052.o(.text)
    CAN2_DriverIRQHandler                    0x000005bb   Thumb Code     0  startup_mimxrt1052.o(.text)
    CCM_1_IRQHandler                         0x000005bb   Thumb Code     0  startup_mimxrt1052.o(.text)
    CCM_2_IRQHandler                         0x000005bb   Thumb Code     0  startup_mimxrt1052.o(.text)
    CORE_IRQHandler                          0x000005bb   Thumb Code     0  startup_mimxrt1052.o(.text)
    CSI_IRQHandler                           0x000005bb   Thumb Code     0  startup_mimxrt1052.o(.text)
    CSU_IRQHandler                           0x000005bb   Thumb Code     0  startup_mimxrt1052.o(.text)
    CTI0_ERROR_IRQHandler                    0x000005bb   Thumb Code     0  startup_mimxrt1052.o(.text)
    CTI1_ERROR_IRQHandler                    0x000005bb   Thumb Code     0  startup_mimxrt1052.o(.text)
    DCDC_IRQHandler                          0x000005bb   Thumb Code     0  startup_mimxrt1052.o(.text)
    DCP_IRQHandler                           0x000005bb   Thumb Code     0  startup_mimxrt1052.o(.text)
    DCP_VMI_IRQHandler                       0x000005bb   Thumb Code     0  startup_mimxrt1052.o(.text)
    DMA0_DMA16_DriverIRQHandler              0x000005bb   Thumb Code     0  startup_mimxrt1052.o(.text)
    DMA10_DMA26_DriverIRQHandler             0x000005bb   Thumb Code     0  startup_mimxrt1052.o(.text)
    DMA11_DMA27_DriverIRQHandler             0x000005bb   Thumb Code     0  startup_mimxrt1052.o(.text)
    DMA12_DMA28_DriverIRQHandler             0x000005bb   Thumb Code     0  startup_mimxrt1052.o(.text)
    DMA13_DMA29_DriverIRQHandler             0x000005bb   Thumb Code     0  startup_mimxrt1052.o(.text)
    DMA14_DMA30_DriverIRQHandler             0x000005bb   Thumb Code     0  startup_mimxrt1052.o(.text)
    DMA15_DMA31_DriverIRQHandler             0x000005bb   Thumb Code     0  startup_mimxrt1052.o(.text)
    DMA1_DMA17_DriverIRQHandler              0x000005bb   Thumb Code     0  startup_mimxrt1052.o(.text)
    DMA2_DMA18_DriverIRQHandler              0x000005bb   Thumb Code     0  startup_mimxrt1052.o(.text)
    DMA3_DMA19_DriverIRQHandler              0x000005bb   Thumb Code     0  startup_mimxrt1052.o(.text)
    DMA4_DMA20_DriverIRQHandler              0x000005bb   Thumb Code     0  startup_mimxrt1052.o(.text)
    DMA5_DMA21_DriverIRQHandler              0x000005bb   Thumb Code     0  startup_mimxrt1052.o(.text)
    DMA6_DMA22_DriverIRQHandler              0x000005bb   Thumb Code     0  startup_mimxrt1052.o(.text)
    DMA7_DMA23_DriverIRQHandler              0x000005bb   Thumb Code     0  startup_mimxrt1052.o(.text)
    DMA8_DMA24_DriverIRQHandler              0x000005bb   Thumb Code     0  startup_mimxrt1052.o(.text)
    DMA9_DMA25_DriverIRQHandler              0x000005bb   Thumb Code     0  startup_mimxrt1052.o(.text)
    DMA_ERROR_DriverIRQHandler               0x000005bb   Thumb Code     0  startup_mimxrt1052.o(.text)
    DefaultISR                               0x000005bb   Thumb Code     0  startup_mimxrt1052.o(.text)
    ENC1_IRQHandler                          0x000005bb   Thumb Code     0  startup_mimxrt1052.o(.text)
    ENC2_IRQHandler                          0x000005bb   Thumb Code     0  startup_mimxrt1052.o(.text)
    ENC3_IRQHandler                          0x000005bb   Thumb Code     0  startup_mimxrt1052.o(.text)
    ENC4_IRQHandler                          0x000005bb   Thumb Code     0  startup_mimxrt1052.o(.text)
    ENET_1588_Timer_DriverIRQHandler         0x000005bb   Thumb Code     0  startup_mimxrt1052.o(.text)
    ENET_DriverIRQHandler                    0x000005bb   Thumb Code     0  startup_mimxrt1052.o(.text)
    EWM_IRQHandler                           0x000005bb   Thumb Code     0  startup_mimxrt1052.o(.text)
    FLEXIO1_DriverIRQHandler                 0x000005bb   Thumb Code     0  startup_mimxrt1052.o(.text)
    FLEXIO2_DriverIRQHandler                 0x000005bb   Thumb Code     0  startup_mimxrt1052.o(.text)
    FLEXRAM_IRQHandler                       0x000005bb   Thumb Code     0  startup_mimxrt1052.o(.text)
    FLEXSPI_DriverIRQHandler                 0x000005bb   Thumb Code     0  startup_mimxrt1052.o(.text)
    GPC_IRQHandler                           0x000005bb   Thumb Code     0  startup_mimxrt1052.o(.text)
    GPIO1_Combined_0_15_IRQHandler           0x000005bb   Thumb Code     0  startup_mimxrt1052.o(.text)
    GPIO1_Combined_16_31_IRQHandler          0x000005bb   Thumb Code     0  startup_mimxrt1052.o(.text)
    GPIO1_INT0_IRQHandler                    0x000005bb   Thumb Code     0  startup_mimxrt1052.o(.text)
    GPIO1_INT1_IRQHandler                    0x000005bb   Thumb Code     0  startup_mimxrt1052.o(.text)
    GPIO1_INT2_IRQHandler                    0x000005bb   Thumb Code     0  startup_mimxrt1052.o(.text)
    GPIO1_INT3_IRQHandler                    0x000005bb   Thumb Code     0  startup_mimxrt1052.o(.text)
    GPIO1_INT4_IRQHandler                    0x000005bb   Thumb Code     0  startup_mimxrt1052.o(.text)
    GPIO1_INT5_IRQHandler                    0x000005bb   Thumb Code     0  startup_mimxrt1052.o(.text)
    GPIO1_INT6_IRQHandler                    0x000005bb   Thumb Code     0  startup_mimxrt1052.o(.text)
    GPIO1_INT7_IRQHandler                    0x000005bb   Thumb Code     0  startup_mimxrt1052.o(.text)
    GPIO2_Combined_0_15_IRQHandler           0x000005bb   Thumb Code     0  startup_mimxrt1052.o(.text)
    GPIO2_Combined_16_31_IRQHandler          0x000005bb   Thumb Code     0  startup_mimxrt1052.o(.text)
    GPIO3_Combined_0_15_IRQHandler           0x000005bb   Thumb Code     0  startup_mimxrt1052.o(.text)
    GPIO3_Combined_16_31_IRQHandler          0x000005bb   Thumb Code     0  startup_mimxrt1052.o(.text)
    GPIO4_Combined_0_15_IRQHandler           0x000005bb   Thumb Code     0  startup_mimxrt1052.o(.text)
    GPIO4_Combined_16_31_IRQHandler          0x000005bb   Thumb Code     0  startup_mimxrt1052.o(.text)
    GPIO5_Combined_0_15_IRQHandler           0x000005bb   Thumb Code     0  startup_mimxrt1052.o(.text)
    GPIO5_Combined_16_31_IRQHandler          0x000005bb   Thumb Code     0  startup_mimxrt1052.o(.text)
    GPR_IRQ_IRQHandler                       0x000005bb   Thumb Code     0  startup_mimxrt1052.o(.text)
    GPT1_IRQHandler                          0x000005bb   Thumb Code     0  startup_mimxrt1052.o(.text)
    GPT2_IRQHandler                          0x000005bb   Thumb Code     0  startup_mimxrt1052.o(.text)
    KPP_IRQHandler                           0x000005bb   Thumb Code     0  startup_mimxrt1052.o(.text)
    LCDIF_IRQHandler                         0x000005bb   Thumb Code     0  startup_mimxrt1052.o(.text)
    LPI2C1_DriverIRQHandler                  0x000005bb   Thumb Code     0  startup_mimxrt1052.o(.text)
    LPI2C2_DriverIRQHandler                  0x000005bb   Thumb Code     0  startup_mimxrt1052.o(.text)
    LPI2C3_DriverIRQHandler                  0x000005bb   Thumb Code     0  startup_mimxrt1052.o(.text)
    LPI2C4_DriverIRQHandler                  0x000005bb   Thumb Code     0  startup_mimxrt1052.o(.text)
    LPSPI1_DriverIRQHandler                  0x000005bb   Thumb Code     0  startup_mimxrt1052.o(.text)
    LPSPI2_DriverIRQHandler                  0x000005bb   Thumb Code     0  startup_mimxrt1052.o(.text)
    LPSPI3_DriverIRQHandler                  0x000005bb   Thumb Code     0  startup_mimxrt1052.o(.text)
    LPSPI4_DriverIRQHandler                  0x000005bb   Thumb Code     0  startup_mimxrt1052.o(.text)
    NMI_WAKEUP_IRQHandler                    0x000005bb   Thumb Code     0  startup_mimxrt1052.o(.text)
    PIT_IRQHandler                           0x000005bb   Thumb Code     0  startup_mimxrt1052.o(.text)
    PWM1_0_IRQHandler                        0x000005bb   Thumb Code     0  startup_mimxrt1052.o(.text)
    PWM1_1_IRQHandler                        0x000005bb   Thumb Code     0  startup_mimxrt1052.o(.text)
    PWM1_2_IRQHandler                        0x000005bb   Thumb Code     0  startup_mimxrt1052.o(.text)
    PWM1_3_IRQHandler                        0x000005bb   Thumb Code     0  startup_mimxrt1052.o(.text)
    PWM1_FAULT_IRQHandler                    0x000005bb   Thumb Code     0  startup_mimxrt1052.o(.text)
    PWM2_0_IRQHandler                        0x000005bb   Thumb Code     0  startup_mimxrt1052.o(.text)
    PWM2_1_IRQHandler                        0x000005bb   Thumb Code     0  startup_mimxrt1052.o(.text)
    PWM2_2_IRQHandler                        0x000005bb   Thumb Code     0  startup_mimxrt1052.o(.text)
    PWM2_3_IRQHandler                        0x000005bb   Thumb Code     0  startup_mimxrt1052.o(.text)
    PWM2_FAULT_IRQHandler                    0x000005bb   Thumb Code     0  startup_mimxrt1052.o(.text)
    PWM3_0_IRQHandler                        0x000005bb   Thumb Code     0  startup_mimxrt1052.o(.text)
    PWM3_1_IRQHandler                        0x000005bb   Thumb Code     0  startup_mimxrt1052.o(.text)
    PWM3_2_IRQHandler                        0x000005bb   Thumb Code     0  startup_mimxrt1052.o(.text)
    PWM3_3_IRQHandler                        0x000005bb   Thumb Code     0  startup_mimxrt1052.o(.text)
    PWM3_FAULT_IRQHandler                    0x000005bb   Thumb Code     0  startup_mimxrt1052.o(.text)
    PWM4_0_IRQHandler                        0x000005bb   Thumb Code     0  startup_mimxrt1052.o(.text)
    PWM4_1_IRQHandler                        0x000005bb   Thumb Code     0  startup_mimxrt1052.o(.text)
    PWM4_2_IRQHandler                        0x000005bb   Thumb Code     0  startup_mimxrt1052.o(.text)
    PWM4_3_IRQHandler                        0x000005bb   Thumb Code     0  startup_mimxrt1052.o(.text)
    PWM4_FAULT_IRQHandler                    0x000005bb   Thumb Code     0  startup_mimxrt1052.o(.text)
    PXP_IRQHandler                           0x000005bb   Thumb Code     0  startup_mimxrt1052.o(.text)
    RTWDOG_IRQHandler                        0x000005bb   Thumb Code     0  startup_mimxrt1052.o(.text)
    Reserved115_IRQHandler                   0x000005bb   Thumb Code     0  startup_mimxrt1052.o(.text)
    Reserved123_IRQHandler                   0x000005bb   Thumb Code     0  startup_mimxrt1052.o(.text)
    Reserved143_IRQHandler                   0x000005bb   Thumb Code     0  startup_mimxrt1052.o(.text)
    Reserved144_IRQHandler                   0x000005bb   Thumb Code     0  startup_mimxrt1052.o(.text)
    Reserved168_IRQHandler                   0x000005bb   Thumb Code     0  startup_mimxrt1052.o(.text)
    Reserved169_IRQHandler                   0x000005bb   Thumb Code     0  startup_mimxrt1052.o(.text)
    Reserved170_IRQHandler                   0x000005bb   Thumb Code     0  startup_mimxrt1052.o(.text)
    Reserved171_IRQHandler                   0x000005bb   Thumb Code     0  startup_mimxrt1052.o(.text)
    Reserved172_IRQHandler                   0x000005bb   Thumb Code     0  startup_mimxrt1052.o(.text)
    Reserved173_IRQHandler                   0x000005bb   Thumb Code     0  startup_mimxrt1052.o(.text)
    Reserved68_IRQHandler                    0x000005bb   Thumb Code     0  startup_mimxrt1052.o(.text)
    Reserved86_IRQHandler                    0x000005bb   Thumb Code     0  startup_mimxrt1052.o(.text)
    Reserved87_IRQHandler                    0x000005bb   Thumb Code     0  startup_mimxrt1052.o(.text)
    SAI1_DriverIRQHandler                    0x000005bb   Thumb Code     0  startup_mimxrt1052.o(.text)
    SAI2_DriverIRQHandler                    0x000005bb   Thumb Code     0  startup_mimxrt1052.o(.text)
    SAI3_RX_DriverIRQHandler                 0x000005bb   Thumb Code     0  startup_mimxrt1052.o(.text)
    SAI3_TX_DriverIRQHandler                 0x000005bb   Thumb Code     0  startup_mimxrt1052.o(.text)
    SEMC_IRQHandler                          0x000005bb   Thumb Code     0  startup_mimxrt1052.o(.text)
    SJC_ARM_DEBUG_IRQHandler                 0x000005bb   Thumb Code     0  startup_mimxrt1052.o(.text)
    SJC_IRQHandler                           0x000005bb   Thumb Code     0  startup_mimxrt1052.o(.text)
    SNVS_HP_WRAPPER_IRQHandler               0x000005bb   Thumb Code     0  startup_mimxrt1052.o(.text)
    SNVS_HP_WRAPPER_TZ_IRQHandler            0x000005bb   Thumb Code     0  startup_mimxrt1052.o(.text)
    SNVS_LP_WRAPPER_IRQHandler               0x000005bb   Thumb Code     0  startup_mimxrt1052.o(.text)
    SPDIF_DriverIRQHandler                   0x000005bb   Thumb Code     0  startup_mimxrt1052.o(.text)
    SRC_IRQHandler                           0x000005bb   Thumb Code     0  startup_mimxrt1052.o(.text)
    TMR1_IRQHandler                          0x000005bb   Thumb Code     0  startup_mimxrt1052.o(.text)
    TMR2_IRQHandler                          0x000005bb   Thumb Code     0  startup_mimxrt1052.o(.text)
    TMR3_IRQHandler                          0x000005bb   Thumb Code     0  startup_mimxrt1052.o(.text)
    TMR4_IRQHandler                          0x000005bb   Thumb Code     0  startup_mimxrt1052.o(.text)
    TRNG_IRQHandler                          0x000005bb   Thumb Code     0  startup_mimxrt1052.o(.text)
    TSC_DIG_IRQHandler                       0x000005bb   Thumb Code     0  startup_mimxrt1052.o(.text)
    USB_PHY1_IRQHandler                      0x000005bb   Thumb Code     0  startup_mimxrt1052.o(.text)
    USB_PHY2_IRQHandler                      0x000005bb   Thumb Code     0  startup_mimxrt1052.o(.text)
    USDHC1_DriverIRQHandler                  0x000005bb   Thumb Code     0  startup_mimxrt1052.o(.text)
    USDHC2_DriverIRQHandler                  0x000005bb   Thumb Code     0  startup_mimxrt1052.o(.text)
    WDOG1_IRQHandler                         0x000005bb   Thumb Code     0  startup_mimxrt1052.o(.text)
    WDOG2_IRQHandler                         0x000005bb   Thumb Code     0  startup_mimxrt1052.o(.text)
    XBAR1_IRQ_0_1_IRQHandler                 0x000005bb   Thumb Code     0  startup_mimxrt1052.o(.text)
    XBAR1_IRQ_2_3_IRQHandler                 0x000005bb   Thumb Code     0  startup_mimxrt1052.o(.text)
    __aeabi_uldivmod                         0x00000691   Thumb Code    98  uldiv.o(.text)
    __aeabi_memcpy                           0x000006f3   Thumb Code    36  memcpya.o(.text)
    __aeabi_memcpy4                          0x000006f3   Thumb Code     0  memcpya.o(.text)
    __aeabi_memcpy8                          0x000006f3   Thumb Code     0  memcpya.o(.text)
    __aeabi_memset                           0x00000717   Thumb Code    14  memseta.o(.text)
    __aeabi_memset4                          0x00000717   Thumb Code     0  memseta.o(.text)
    __aeabi_memset8                          0x00000717   Thumb Code     0  memseta.o(.text)
    __aeabi_memclr                           0x00000725   Thumb Code     4  memseta.o(.text)
    __aeabi_memclr4                          0x00000725   Thumb Code     0  memseta.o(.text)
    __aeabi_memclr8                          0x00000725   Thumb Code     0  memseta.o(.text)
    memset                                   0x00000729   Thumb Code    18  memseta.o(.text)
    strlen                                   0x0000073b   Thumb Code    14  strlen.o(.text)
    __aeabi_llsl                             0x00000749   Thumb Code    30  llshl.o(.text)
    _ll_shift_l                              0x00000749   Thumb Code     0  llshl.o(.text)
    __aeabi_llsr                             0x00000767   Thumb Code    32  llushr.o(.text)
    _ll_ushift_r                             0x00000767   Thumb Code     0  llushr.o(.text)
    __scatterload                            0x00000789   Thumb Code    28  init.o(.text)
    __scatterload_rt2                        0x00000789   Thumb Code     0  init.o(.text)
    APP_init                                 0x000007ad   Thumb Code   154  app.o(i.APP_init)
    BOARD_BootClockRUN                       0x00000919   Thumb Code   586  clock_config.o(i.BOARD_BootClockRUN)
    BOARD_ConfigMPU                          0x00000c05   Thumb Code   384  board.o(i.BOARD_ConfigMPU)
    BOARD_DebugConsoleSrcFreq                0x00000db5   Thumb Code    92  board.o(i.BOARD_DebugConsoleSrcFreq)
    BOARD_InitDebugConsole                   0x00000e2d   Thumb Code    24  board.o(i.BOARD_InitDebugConsole)
    BOARD_InitPins                           0x00000e49   Thumb Code   110  pin_mux.o(i.BOARD_InitPins)
    CLOCK_EnableUsbhs0Clock                  0x00000fd1   Thumb Code    82  fsl_clock.o(i.CLOCK_EnableUsbhs0Clock)
    CLOCK_EnableUsbhs0PhyPllClock            0x00001039   Thumb Code    80  fsl_clock.o(i.CLOCK_EnableUsbhs0PhyPllClock)
    CLOCK_GetPllFreq                         0x000010d1   Thumb Code   530  fsl_clock.o(i.CLOCK_GetPllFreq)
    CLOCK_InitArmPll                         0x000012fd   Thumb Code    82  fsl_clock.o(i.CLOCK_InitArmPll)
    CLOCK_InitUsb1Pll                        0x00001355   Thumb Code    82  fsl_clock.o(i.CLOCK_InitUsb1Pll)
    DbgConsole_Init                          0x000015dd   Thumb Code    42  fsl_debug_console.o(i.DbgConsole_Init)
    DbgConsole_Printf                        0x00001639   Thumb Code    60  fsl_debug_console.o(i.DbgConsole_Printf)
    IO_Init                                  0x000016dd   Thumb Code   130  fsl_io.o(i.IO_Init)
    IO_Transfer                              0x000017ad   Thumb Code    64  fsl_io.o(i.IO_Transfer)
    LOG_Init                                 0x000017f1   Thumb Code    36  fsl_log.o(i.LOG_Init)
    LOG_Pop                                  0x00001815   Thumb Code    34  fsl_log.o(i.LOG_Pop)
    LOG_Push                                 0x00001839   Thumb Code    32  fsl_log.o(i.LOG_Push)
    LPUART1_DriverIRQHandler                 0x000018a5   Thumb Code    16  fsl_lpuart.o(i.LPUART1_DriverIRQHandler)
    LPUART1_IRQHandler                       0x000018c1   Thumb Code    10  host_cdc.o(i.LPUART1_IRQHandler)
    LPUART2_DriverIRQHandler                 0x000018d1   Thumb Code    16  fsl_lpuart.o(i.LPUART2_DriverIRQHandler)
    LPUART3_DriverIRQHandler                 0x000018ed   Thumb Code    16  fsl_lpuart.o(i.LPUART3_DriverIRQHandler)
    LPUART4_DriverIRQHandler                 0x00001909   Thumb Code    16  fsl_lpuart.o(i.LPUART4_DriverIRQHandler)
    LPUART5_DriverIRQHandler                 0x00001925   Thumb Code    16  fsl_lpuart.o(i.LPUART5_DriverIRQHandler)
    LPUART6_DriverIRQHandler                 0x00001941   Thumb Code    16  fsl_lpuart.o(i.LPUART6_DriverIRQHandler)
    LPUART7_DriverIRQHandler                 0x0000195d   Thumb Code    16  fsl_lpuart.o(i.LPUART7_DriverIRQHandler)
    LPUART8_DriverIRQHandler                 0x00001979   Thumb Code    16  fsl_lpuart.o(i.LPUART8_DriverIRQHandler)
    LPUART_ClearStatusFlags                  0x00001995   Thumb Code    82  fsl_lpuart.o(i.LPUART_ClearStatusFlags)
    LPUART_DisableInterrupts                 0x000019ed   Thumb Code    44  fsl_lpuart.o(i.LPUART_DisableInterrupts)
    LPUART_EnableInterrupts                  0x00001a19   Thumb Code    44  fsl_lpuart.o(i.LPUART_EnableInterrupts)
    LPUART_GetDefaultConfig                  0x00001a45   Thumb Code    58  fsl_lpuart.o(i.LPUART_GetDefaultConfig)
    LPUART_GetInstance                       0x00001ac5   Thumb Code    48  fsl_lpuart.o(i.LPUART_GetInstance)
    LPUART_GetStatusFlags                    0x00001b5d   Thumb Code    16  fsl_lpuart.o(i.LPUART_GetStatusFlags)
    LPUART_Init                              0x00001b6d   Thumb Code   548  fsl_lpuart.o(i.LPUART_Init)
    LPUART_ReadBlocking                      0x00001e75   Thumb Code   204  fsl_lpuart.o(i.LPUART_ReadBlocking)
    LPUART_SeralPortTransferCallback         0x00002021   Thumb Code    46  usb_lpuart_drv.o(i.LPUART_SeralPortTransferCallback)
    LPUART_TransferCreateHandle              0x00002051   Thumb Code   156  fsl_lpuart.o(i.LPUART_TransferCreateHandle)
    LPUART_TransferGetRxRingBufferLength     0x00002141   Thumb Code    50  fsl_lpuart.o(i.LPUART_TransferGetRxRingBufferLength)
    LPUART_TransferHandleIRQ                 0x000021b9   Thumb Code   586  fsl_lpuart.o(i.LPUART_TransferHandleIRQ)
    LPUART_TransferReceiveNonBlocking        0x000024c1   Thumb Code   292  fsl_lpuart.o(i.LPUART_TransferReceiveNonBlocking)
    LPUART_TransferSendNonBlocking           0x0000264d   Thumb Code   126  fsl_lpuart.o(i.LPUART_TransferSendNonBlocking)
    LPUART_WriteBlocking                     0x00002735   Thumb Code    54  fsl_lpuart.o(i.LPUART_WriteBlocking)
    StrFormatPrintf                          0x00002af1   Thumb Code   558  fsl_str.o(i.StrFormatPrintf)
    SysTick_Handler                          0x00002d21   Thumb Code    46  port.o(i.SysTick_Handler)
    SystemInit                               0x00002d55   Thumb Code   182  system_mimxrt1052.o(i.SystemInit)
    SystemInitHook                           0x00002e21   Thumb Code     2  system_mimxrt1052.o(i.SystemInitHook)
    UART_UserCallback                        0x00002e25   Thumb Code   198  host_cdc.o(i.UART_UserCallback)
    USB_EhciPhyGetBase                       0x00002f21   Thumb Code    90  usb_phy.o(i.USB_EhciPhyGetBase)
    USB_EhciPhyInit                          0x00002f81   Thumb Code   102  usb_phy.o(i.USB_EhciPhyInit)
    USB_EhcihostPhyDisconnectDetectCmd       0x00002ff1   Thumb Code    42  usb_phy.o(i.USB_EhcihostPhyDisconnectDetectCmd)
    USB_HosCdcTask                           0x0000301d   Thumb Code   550  host_cdc.o(i.USB_HosCdcTask)
    USB_HostAttachDevice                     0x00003381   Thumb Code   390  usb_host_devices.o(i.USB_HostAttachDevice)
    USB_HostCancelTransfer                   0x00003c09   Thumb Code    50  usb_host_hci.o(i.USB_HostCancelTransfer)
    USB_HostCdcControl                       0x00003c3d   Thumb Code   148  usb_host_cdc.o(i.USB_HostCdcControl)
    USB_HostCdcControlCallback               0x00003cd5   Thumb Code   108  host_cdc.o(i.USB_HostCdcControlCallback)
    USB_HostCdcControlPipeCallback           0x00003d69   Thumb Code    42  usb_host_cdc.o(i.USB_HostCdcControlPipeCallback)
    USB_HostCdcDataInCallback                0x00003d95   Thumb Code    68  host_cdc.o(i.USB_HostCdcDataInCallback)
    USB_HostCdcDataInPipeCallback            0x00003de1   Thumb Code    42  usb_host_cdc.o(i.USB_HostCdcDataInPipeCallback)
    USB_HostCdcDataOutCallback               0x00003e0d   Thumb Code   130  host_cdc.o(i.USB_HostCdcDataOutCallback)
    USB_HostCdcDataOutPipeCallback           0x00003eb1   Thumb Code    42  usb_host_cdc.o(i.USB_HostCdcDataOutPipeCallback)
    USB_HostCdcDataRecv                      0x00003edd   Thumb Code   102  usb_host_cdc.o(i.USB_HostCdcDataRecv)
    USB_HostCdcDataSend                      0x00003f49   Thumb Code   102  usb_host_cdc.o(i.USB_HostCdcDataSend)
    USB_HostCdcDeinit                        0x00003fb5   Thumb Code   168  usb_host_cdc.o(i.USB_HostCdcDeinit)
    USB_HostCdcEnterCritical                 0x0000405d   Thumb Code    44  host_cdc.o(i.USB_HostCdcEnterCritical)
    USB_HostCdcEvent                         0x00004089   Thumb Code   356  host_cdc.o(i.USB_HostCdcEvent)
    USB_HostCdcExitCritical                  0x00004255   Thumb Code    28  host_cdc.o(i.USB_HostCdcExitCritical)
    USB_HostCdcGetAcmLineCoding              0x00004271   Thumb Code    42  usb_host_cdc.o(i.USB_HostCdcGetAcmLineCoding)
    USB_HostCdcGetPacketsize                 0x0000429b   Thumb Code    38  usb_host_cdc.o(i.USB_HostCdcGetPacketsize)
    USB_HostCdcInit                          0x000042c1   Thumb Code    62  usb_host_cdc.o(i.USB_HostCdcInit)
    USB_HostCdcInitBuffer                    0x00004301   Thumb Code   200  host_cdc.o(i.USB_HostCdcInitBuffer)
    USB_HostCdcInterruptCallback             0x000043f5   Thumb Code    48  host_cdc.o(i.USB_HostCdcInterruptCallback)
    USB_HostCdcInterruptPipeCallback         0x0000447d   Thumb Code    42  usb_host_cdc.o(i.USB_HostCdcInterruptPipeCallback)
    USB_HostCdcInterruptRecv                 0x000044a9   Thumb Code   102  usb_host_cdc.o(i.USB_HostCdcInterruptRecv)
    USB_HostCdcSetAcmCtrlState               0x00004737   Thumb Code    74  usb_host_cdc.o(i.USB_HostCdcSetAcmCtrlState)
    USB_HostCdcSetControlInterface           0x000047b9   Thumb Code   194  usb_host_cdc.o(i.USB_HostCdcSetControlInterface)
    USB_HostCdcSetDataInterface              0x00004881   Thumb Code   212  usb_host_cdc.o(i.USB_HostCdcSetDataInterface)
    USB_HostCh9RequestCommon                 0x00004991   Thumb Code    52  usb_host_framework.o(i.USB_HostCh9RequestCommon)
    USB_HostClockInit                        0x000049c5   Thumb Code    36  app.o(i.USB_HostClockInit)
    USB_HostCloseDeviceInterface             0x000049f5   Thumb Code   252  usb_host_devices.o(i.USB_HostCloseDeviceInterface)
    USB_HostClosePipe                        0x00004af5   Thumb Code    40  usb_host_hci.o(i.USB_HostClosePipe)
    USB_HostDetachDevice                     0x00004b3f   Thumb Code    80  usb_host_devices.o(i.USB_HostDetachDevice)
    USB_HostDetachDeviceInternal             0x00004b8f   Thumb Code    92  usb_host_devices.o(i.USB_HostDetachDeviceInternal)
    USB_HostEhciClosePipe                    0x00004d7d   Thumb Code   124  usb_host_ehci.o(i.USB_HostEhciClosePipe)
    USB_HostEhciCreate                       0x00004e85   Thumb Code   444  usb_host_ehci.o(i.USB_HostEhciCreate)
    USB_HostEhciDestory                      0x0000506f   Thumb Code    42  usb_host_ehci.o(i.USB_HostEhciDestory)
    USB_HostEhciIoctl                        0x000050f1   Thumb Code   196  usb_host_ehci.o(i.USB_HostEhciIoctl)
    USB_HostEhciIsrFunction                  0x000051b9   Thumb Code   146  usb_host_ehci.o(i.USB_HostEhciIsrFunction)
    USB_HostEhciOpenPipe                     0x000052dd   Thumb Code   274  usb_host_ehci.o(i.USB_HostEhciOpenPipe)
    USB_HostEhciReadpipe                     0x00005a1b   Thumb Code    20  usb_host_ehci.o(i.USB_HostEhciReadpipe)
    USB_HostEhciTaskFunction                 0x00005c4b   Thumb Code   184  usb_host_ehci.o(i.USB_HostEhciTaskFunction)
    USB_HostEhciTransactionDone              0x00005e21   Thumb Code   474  usb_host_ehci.o(i.USB_HostEhciTransactionDone)
    USB_HostEhciWritePipe                    0x0000610b   Thumb Code    60  usb_host_ehci.o(i.USB_HostEhciWritePipe)
    USB_HostEvent                            0x00006271   Thumb Code    90  app.o(i.USB_HostEvent)
    USB_HostFreeTransfer                     0x000062e5   Thumb Code    46  usb_host_hci.o(i.USB_HostFreeTransfer)
    USB_HostHelperGetPeripheralInformation   0x000063d1   Thumb Code   198  usb_host_hci.o(i.USB_HostHelperGetPeripheralInformation)
    USB_HostHubClearFeature                  0x0000652d   Thumb Code    40  usb_host_hub.o(i.USB_HostHubClearFeature)
    USB_HostHubClearPortFeature              0x00006555   Thumb Code    48  usb_host_hub.o(i.USB_HostHubClearPortFeature)
    USB_HostHubControlCallback               0x000065b1   Thumb Code   106  usb_host_hub_app.o(i.USB_HostHubControlCallback)
    USB_HostHubDeinit                        0x0000661b   Thumb Code    98  usb_host_hub.o(i.USB_HostHubDeinit)
    USB_HostHubDeviceEvent                   0x0000667d   Thumb Code   508  usb_host_hub_app.o(i.USB_HostHubDeviceEvent)
    USB_HostHubGetDescriptor                 0x000068c5   Thumb Code    42  usb_host_hub.o(i.USB_HostHubGetDescriptor)
    USB_HostHubGetHsHubNumber                0x000068ef   Thumb Code    94  usb_host_hub_app.o(i.USB_HostHubGetHsHubNumber)
    USB_HostHubGetHsHubPort                  0x0000694d   Thumb Code    96  usb_host_hub_app.o(i.USB_HostHubGetHsHubPort)
    USB_HostHubGetPortStatus                 0x00006a5d   Thumb Code    40  usb_host_hub.o(i.USB_HostHubGetPortStatus)
    USB_HostHubGetStatus                     0x00006a85   Thumb Code    42  usb_host_hub.o(i.USB_HostHubGetStatus)
    USB_HostHubGetTotalThinkTime             0x00006aaf   Thumb Code    60  usb_host_hub_app.o(i.USB_HostHubGetTotalThinkTime)
    USB_HostHubInit                          0x00006b13   Thumb Code    76  usb_host_hub.o(i.USB_HostHubInit)
    USB_HostHubInterruptInCallback           0x00006b5f   Thumb Code    78  usb_host_hub_app.o(i.USB_HostHubInterruptInCallback)
    USB_HostHubInterruptRecv                 0x00006bad   Thumb Code    94  usb_host_hub.o(i.USB_HostHubInterruptRecv)
    USB_HostHubSetInterface                  0x00007341   Thumb Code   260  usb_host_hub.o(i.USB_HostHubSetInterface)
    USB_HostHubSetPortFeature                0x00007445   Thumb Code    48  usb_host_hub.o(i.USB_HostHubSetPortFeature)
    USB_HostInit                             0x00007475   Thumb Code   250  usb_host_hci.o(i.USB_HostInit)
    USB_HostIsrEnable                        0x00007571   Thumb Code    88  app.o(i.USB_HostIsrEnable)
    USB_HostMallocTransfer                   0x000075d5   Thumb Code    68  usb_host_hci.o(i.USB_HostMallocTransfer)
    USB_HostOpenDeviceInterface              0x000076b1   Thumb Code   168  usb_host_devices.o(i.USB_HostOpenDeviceInterface)
    USB_HostOpenPipe                         0x0000775d   Thumb Code    46  usb_host_hci.o(i.USB_HostOpenPipe)
    USB_HostRecv                             0x00007c91   Thumb Code    70  usb_host_hci.o(i.USB_HostRecv)
    USB_HostSend                             0x00007de1   Thumb Code    68  usb_host_hci.o(i.USB_HostSend)
    USB_HostSendSetup                        0x00007e25   Thumb Code    96  usb_host_hci.o(i.USB_HostSendSetup)
    USB_HostStandardSetAddress               0x00007e85   Thumb Code    32  usb_host_framework.o(i.USB_HostStandardSetAddress)
    USB_HostStandardSetGetDescriptor         0x00007ea5   Thumb Code    46  usb_host_framework.o(i.USB_HostStandardSetGetDescriptor)
    USB_HostTaskFn                           0x00007ed3   Thumb Code    12  app.o(i.USB_HostTaskFn)
    USB_HostValidateDevice                   0x00007edf   Thumb Code    34  usb_host_devices.o(i.USB_HostValidateDevice)
    USB_OTG1_IRQHandler                      0x00007f01   Thumb Code    12  app.o(i.USB_OTG1_IRQHandler)
    USB_OTG2_IRQHandler                      0x00007f11   Thumb Code    12  app.o(i.USB_OTG2_IRQHandler)
    USB_OsaEnterCritical                     0x00007f21   Thumb Code    42  usb_osa_freertos.o(i.USB_OsaEnterCritical)
    USB_OsaEventCreate                       0x00007f4b   Thumb Code    56  usb_osa_freertos.o(i.USB_OsaEventCreate)
    USB_OsaEventDestroy                      0x00007f83   Thumb Code    32  usb_osa_freertos.o(i.USB_OsaEventDestroy)
    USB_OsaEventSet                          0x00007fa5   Thumb Code    72  usb_osa_freertos.o(i.USB_OsaEventSet)
    USB_OsaEventWait                         0x00007ff1   Thumb Code    98  usb_osa_freertos.o(i.USB_OsaEventWait)
    USB_OsaExitCritical                      0x00008053   Thumb Code    26  usb_osa_freertos.o(i.USB_OsaExitCritical)
    USB_OsaMemoryAllocate                    0x0000806d   Thumb Code    34  usb_osa_freertos.o(i.USB_OsaMemoryAllocate)
    USB_OsaMemoryFree                        0x0000808f   Thumb Code    12  usb_osa_freertos.o(i.USB_OsaMemoryFree)
    USB_OsaMutexCreate                       0x0000809b   Thumb Code    30  usb_osa_freertos.o(i.USB_OsaMutexCreate)
    USB_OsaMutexDestroy                      0x000080b9   Thumb Code    20  usb_osa_freertos.o(i.USB_OsaMutexDestroy)
    USB_OsaMutexLock                         0x000080cd   Thumb Code    32  usb_osa_freertos.o(i.USB_OsaMutexLock)
    USB_OsaMutexUnlock                       0x000080ed   Thumb Code    28  usb_osa_freertos.o(i.USB_OsaMutexUnlock)
    USB_SerialPortIRQHandler                 0x00008109   Thumb Code    14  usb_lpuart_drv.o(i.USB_SerialPortIRQHandler)
    USB_SerialPortInit                       0x00008119   Thumb Code   244  usb_lpuart_drv.o(i.USB_SerialPortInit)
    USB_SerialPortRecv                       0x00008219   Thumb Code    36  usb_lpuart_drv.o(i.USB_SerialPortRecv)
    USB_SerialPortSend                       0x0000823d   Thumb Code    32  usb_lpuart_drv.o(i.USB_SerialPortSend)
    __aeabi_assert                           0x0000825d   Thumb Code    24  fsl_assert.o(i.__aeabi_assert)
    __scatterload_copy                       0x000082a7   Thumb Code    14  handlers.o(i.__scatterload_copy)
    __scatterload_null                       0x000082b5   Thumb Code     2  handlers.o(i.__scatterload_null)
    __scatterload_zeroinit                   0x000082b7   Thumb Code    14  handlers.o(i.__scatterload_zeroinit)
    app_task                                 0x000082c5   Thumb Code    10  app.o(i.app_task)
    freeNodeToQueue                          0x000082d5   Thumb Code    34  host_cdc.o(i.freeNodeToQueue)
    getBufferNode                            0x000082f9   Thumb Code    72  host_cdc.o(i.getBufferNode)
    getNodeFromQueue                         0x0000834d   Thumb Code    30  host_cdc.o(i.getNodeFromQueue)
    insertNodeToQueue                        0x0000836b   Thumb Code    46  host_cdc.o(i.insertNodeToQueue)
    main                                     0x00008399   Thumb Code    96  app.o(i.main)
    pvPortMalloc                             0x00008e49   Thumb Code   296  heap_4.o(i.pvPortMalloc)
    pvTaskIncrementMutexHeldCount            0x00008f85   Thumb Code    26  tasks.o(i.pvTaskIncrementMutexHeldCount)
    pxPortInitialiseStack                    0x00008fa5   Thumb Code    38  port.o(i.pxPortInitialiseStack)
    usb_host_task                            0x00008fd1   Thumb Code    12  app.o(i.usb_host_task)
    uxListRemove                             0x00008fdd   Thumb Code    40  list.o(i.uxListRemove)
    uxTaskResetEventItemValue                0x00009005   Thumb Code    24  tasks.o(i.uxTaskResetEventItemValue)
    vEventGroupDelete                        0x00009021   Thumb Code    82  event_groups.o(i.vEventGroupDelete)
    vEventGroupSetBitsCallback               0x00009073   Thumb Code    16  event_groups.o(i.vEventGroupSetBitsCallback)
    vListInitialise                          0x00009083   Thumb Code    26  list.o(i.vListInitialise)
    vListInitialiseItem                      0x0000909d   Thumb Code     6  list.o(i.vListInitialiseItem)
    vListInsert                              0x000090a3   Thumb Code    52  list.o(i.vListInsert)
    vListInsertEnd                           0x000090d7   Thumb Code    24  list.o(i.vListInsertEnd)
    vPortEnterCritical                       0x000090f1   Thumb Code    76  port.o(i.vPortEnterCritical)
    vPortExitCritical                        0x00009145   Thumb Code    56  port.o(i.vPortExitCritical)
    vPortFree                                0x00009181   Thumb Code   140  heap_4.o(i.vPortFree)
    vPortSetupTimerInterrupt                 0x00009215   Thumb Code    36  fsl_tickless_systick.o(i.vPortSetupTimerInterrupt)
    vPortValidateInterruptPriority           0x0000923d   Thumb Code   106  port.o(i.vPortValidateInterruptPriority)
    vQueueAddToRegistry                      0x000092b5   Thumb Code    38  queue.o(i.vQueueAddToRegistry)
    vQueueDelete                             0x000092e1   Thumb Code    44  queue.o(i.vQueueDelete)
    vQueueUnregisterQueue                    0x0000930d   Thumb Code    44  queue.o(i.vQueueUnregisterQueue)
    vQueueWaitForMessageRestricted           0x0000933d   Thumb Code    74  queue.o(i.vQueueWaitForMessageRestricted)
    vTaskInternalSetTimeOutState             0x00009389   Thumb Code    14  tasks.o(i.vTaskInternalSetTimeOutState)
    vTaskMissedYield                         0x000093a1   Thumb Code     8  tasks.o(i.vTaskMissedYield)
    vTaskPlaceOnEventList                    0x000093ad   Thumb Code    52  tasks.o(i.vTaskPlaceOnEventList)
    vTaskPlaceOnEventListRestricted          0x000093e5   Thumb Code    60  tasks.o(i.vTaskPlaceOnEventListRestricted)
    vTaskPlaceOnUnorderedEventList           0x00009425   Thumb Code   100  tasks.o(i.vTaskPlaceOnUnorderedEventList)
    vTaskPriorityDisinheritAfterTimeout      0x00009491   Thumb Code   230  tasks.o(i.vTaskPriorityDisinheritAfterTimeout)
    vTaskRemoveFromUnorderedEventList        0x00009585   Thumb Code   142  tasks.o(i.vTaskRemoveFromUnorderedEventList)
    vTaskStartScheduler                      0x00009629   Thumb Code   118  tasks.o(i.vTaskStartScheduler)
    vTaskSuspendAll                          0x000096bd   Thumb Code    12  tasks.o(i.vTaskSuspendAll)
    vTaskSwitchContext                       0x000096cd   Thumb Code   118  tasks.o(i.vTaskSwitchContext)
    xEventGroupCreate                        0x00009759   Thumb Code    26  event_groups.o(i.xEventGroupCreate)
    xEventGroupSetBits                       0x00009773   Thumb Code   206  event_groups.o(i.xEventGroupSetBits)
    xEventGroupSetBitsFromISR                0x00009841   Thumb Code    30  event_groups.o(i.xEventGroupSetBitsFromISR)
    xEventGroupWaitBits                      0x00009865   Thumb Code   338  event_groups.o(i.xEventGroupWaitBits)
    xPortStartScheduler                      0x000099bd   Thumb Code   330  port.o(i.xPortStartScheduler)
    xQueueCreateMutex                        0x00009b25   Thumb Code    34  queue.o(i.xQueueCreateMutex)
    xQueueGenericCreate                      0x00009b47   Thumb Code    88  queue.o(i.xQueueGenericCreate)
    xQueueGenericReset                       0x00009ba1   Thumb Code   146  queue.o(i.xQueueGenericReset)
    xQueueGenericSend                        0x00009c39   Thumb Code   420  queue.o(i.xQueueGenericSend)
    xQueueGenericSendFromISR                 0x00009de1   Thumb Code   248  queue.o(i.xQueueGenericSendFromISR)
    xQueueGiveMutexRecursive                 0x00009ed9   Thumb Code    72  queue.o(i.xQueueGiveMutexRecursive)
    xQueueReceive                            0x00009f21   Thumb Code   356  queue.o(i.xQueueReceive)
    xQueueSemaphoreTake                      0x0000a089   Thumb Code   436  queue.o(i.xQueueSemaphoreTake)
    xQueueTakeMutexRecursive                 0x0000a241   Thumb Code    78  queue.o(i.xQueueTakeMutexRecursive)
    xTaskCheckForTimeOut                     0x0000a291   Thumb Code   132  tasks.o(i.xTaskCheckForTimeOut)
    xTaskCreate                              0x0000a31d   Thumb Code    96  tasks.o(i.xTaskCreate)
    xTaskGetCurrentTaskHandle                0x0000a37d   Thumb Code     6  tasks.o(i.xTaskGetCurrentTaskHandle)
    xTaskGetSchedulerState                   0x0000a389   Thumb Code    24  tasks.o(i.xTaskGetSchedulerState)
    xTaskGetTickCount                        0x0000a3a9   Thumb Code     6  tasks.o(i.xTaskGetTickCount)
    xTaskIncrementTick                       0x0000a3b5   Thumb Code   282  tasks.o(i.xTaskIncrementTick)
    xTaskPriorityDisinherit                  0x0000a4fd   Thumb Code   188  tasks.o(i.xTaskPriorityDisinherit)
    xTaskPriorityInherit                     0x0000a5c5   Thumb Code   186  tasks.o(i.xTaskPriorityInherit)
    xTaskRemoveFromEventList                 0x0000a68d   Thumb Code   128  tasks.o(i.xTaskRemoveFromEventList)
    xTaskResumeAll                           0x0000a725   Thumb Code   224  tasks.o(i.xTaskResumeAll)
    xTimerCreateTimerTask                    0x0000a829   Thumb Code    64  timers.o(i.xTimerCreateTimerTask)
    xTimerGenericCommand                     0x0000a87d   Thumb Code   128  timers.o(i.xTimerGenericCommand)
    xTimerPendFunctionCallFromISR            0x0000a901   Thumb Code    48  timers.o(i.xTimerPendFunctionCallFromISR)
    armPllConfig_BOARD_BootClockRUN          0x0000a95c   Data           8  clock_config.o(.constdata)
    sysPllConfig_BOARD_BootClockRUN          0x0000a964   Data          16  clock_config.o(.constdata)
    usb1PllConfig_BOARD_BootClockRUN         0x0000a974   Data           2  clock_config.o(.constdata)
    FreeRTOSDebugConfig                      0x0000aa54   Data          16  tasks.o(.constdata)
    Region$$Table$$Base                      0x0000ab18   Number         0  anon$$obj.o(Region$$Table)
    Region$$Table$$Limit                     0x0000ab38   Number         0  anon$$obj.o(Region$$Table)
    g_hostHandle                             0x80000000   Data           4  app.o(.data)
    g_AttachFlag                             0x80000004   Data           1  app.o(.data)
    g_xfer                                   0x80000008   Data           8  app.o(.data)
    g_EmptyQueue                             0x80000010   Data           4  host_cdc.o(.data)
    g_EmptySendQueue                         0x80000014   Data           4  host_cdc.o(.data)
    g_CurrentUartRecvNode                    0x80000018   Data           4  host_cdc.o(.data)
    g_UsbSendQueue                           0x8000001c   Data           4  host_cdc.o(.data)
    g_UsbSendNode                            0x80000020   Data           4  host_cdc.o(.data)
    g_CurrentUsbRecvNode                     0x80000024   Data           4  host_cdc.o(.data)
    g_UartSendQueue                          0x80000028   Data           4  host_cdc.o(.data)
    g_UartSendNode                           0x8000002c   Data           4  host_cdc.o(.data)
    g_UsbSendBusy                            0x80000030   Data           1  host_cdc.o(.data)
    g_UartSendBusy                           0x80000031   Data           1  host_cdc.o(.data)
    cdcDeviceHandle                          0x80000034   Data           4  host_cdc.o(.data)
    cdcDataInterfaceHandle                   0x80000038   Data           4  host_cdc.o(.data)
    cdcControlIntfHandle                     0x8000003c   Data           4  host_cdc.o(.data)
    g_LineCode                               0x80000040   Data           8  host_cdc.o(.data)
    usbRecvUart                              0x80000048   Data           1  host_cdc.o(.data)
    g_txfer                                  0x8000004c   Data           8  host_cdc.o(.data)
    g_UartActive                             0x80000054   Data           4  host_cdc.o(.data)
    g_xtalFreq                               0x80000064   Data           4  fsl_clock.o(.data)
    g_rtcXtalFreq                            0x80000068   Data           4  fsl_clock.o(.data)
    pxCurrentTCB                             0x80000094   Data           4  tasks.o(.data)
    SystemCoreClock                          0x800000ec   Data           4  system_mimxrt1052.o(.data)
    lpuartStatus                             0x800000f8   Data          52  usb_lpuart_drv.o(.bss)
    g_UartHandle                             0x8000012c   Data          20  app.o(.bss)
    s_DataBuffer                             0x80000140   Data         256  host_cdc.o(.bss)
    g_EmptyBuffer                            0x80000240   Data          48  host_cdc.o(.bss)
    g_EmptySendBuffer                        0x80000270   Data          48  host_cdc.o(.bss)
    g_cdc                                    0x800002a0   Data          36  host_cdc.o(.bss)
    g_UsbHostInstance                        0x80003b80   Data        1496  usb_host_hci.o(.bss)
    xQueueRegistry                           0x8000c27c   Data          64  queue.o(.bss)
    Image$$ARM_LIB_HEAP$$ZI$$Base            0x8000c4d0   Number         0  anon$$obj.o ABSOLUTE
    Image$$ARM_LIB_HEAP$$ZI$$Limit           0x8000e4d0   Number         0  anon$$obj.o ABSOLUTE
    Image$$ARM_LIB_STACK$$ZI$$Limit          0x81e00000   Number         0  anon$$obj.o ABSOLUTE



==============================================================================

Memory Map of the image

  Image Entry point : 0x00000401

  Load Region LR_m_text (Base: 0x00000000, Size: 0x0000ac30, Max: 0x0001fc00, ABSOLUTE)

    Execution Region VECTOR_ROM (Base: 0x00000000, Size: 0x00000400, Max: 0x00000400, ABSOLUTE)

    Base Addr    Size         Type   Attr      Idx    E Section Name        Object

    0x00000000   0x00000400   Data   RO         3690    RESET               startup_mimxrt1052.o


    Execution Region ER_m_text (Base: 0x00000400, Size: 0x0000a738, Max: 0x0001fc00, ABSOLUTE)

    Base Addr    Size         Type   Attr      Idx    E Section Name        Object

    0x00000400   0x00000000   Code   RO         4046  * .ARM.Collect$$$$00000000  mc_w.l(entry.o)
    0x00000400   0x00000004   Code   RO         4352    .ARM.Collect$$$$00000003  mc_w.l(entry4.o)
    0x00000404   0x00000004   Code   RO         4355    .ARM.Collect$$$$00000004  mc_w.l(entry5.o)
    0x00000408   0x00000000   Code   RO         4357    .ARM.Collect$$$$00000008  mc_w.l(entry7b.o)
    0x00000408   0x00000000   Code   RO         4359    .ARM.Collect$$$$0000000A  mc_w.l(entry8b.o)
    0x00000408   0x00000008   Code   RO         4360    .ARM.Collect$$$$0000000B  mc_w.l(entry9a.o)
    0x00000410   0x00000000   Code   RO         4362    .ARM.Collect$$$$0000000D  mc_w.l(entry10a.o)
    0x00000410   0x00000000   Code   RO         4364    .ARM.Collect$$$$0000000F  mc_w.l(entry11a.o)
    0x00000410   0x00000004   Code   RO         4353    .ARM.Collect$$$$00002714  mc_w.l(entry4.o)
    0x00000414   0x000000be   Code   RO         2158    .emb_text           port.o
    0x000004d2   0x00000002   PAD
    0x000004d4   0x000001bc   Code   RO         3691    .text               startup_mimxrt1052.o
    0x00000690   0x00000062   Code   RO         4049    .text               mc_w.l(uldiv.o)
    0x000006f2   0x00000024   Code   RO         4051    .text               mc_w.l(memcpya.o)
    0x00000716   0x00000024   Code   RO         4055    .text               mc_w.l(memseta.o)
    0x0000073a   0x0000000e   Code   RO         4057    .text               mc_w.l(strlen.o)
    0x00000748   0x0000001e   Code   RO         4368    .text               mc_w.l(llshl.o)
    0x00000766   0x00000020   Code   RO         4370    .text               mc_w.l(llushr.o)
    0x00000786   0x00000002   PAD
    0x00000788   0x00000024   Code   RO         4385    .text               mc_w.l(init.o)
    0x000007ac   0x0000016c   Code   RO          134    i.APP_init          app.o
    0x00000918   0x000002ec   Code   RO          559    i.BOARD_BootClockRUN  clock_config.o
    0x00000c04   0x000001b0   Code   RO          488    i.BOARD_ConfigMPU   board.o
    0x00000db4   0x00000078   Code   RO          489    i.BOARD_DebugConsoleSrcFreq  board.o
    0x00000e2c   0x0000001c   Code   RO          490    i.BOARD_InitDebugConsole  board.o
    0x00000e48   0x00000078   Code   RO          611    i.BOARD_InitPins    pin_mux.o
    0x00000ec0   0x00000088   Code   RO          612    i.CLOCK_ControlGate  pin_mux.o
    0x00000f48   0x00000088   Code   RO         1788    i.CLOCK_ControlGate  fsl_lpuart.o
    0x00000fd0   0x00000068   Code   RO         1568    i.CLOCK_EnableUsbhs0Clock  fsl_clock.o
    0x00001038   0x00000058   Code   RO         1569    i.CLOCK_EnableUsbhs0PhyPllClock  fsl_clock.o
    0x00001090   0x00000020   Code   RO          491    i.CLOCK_GetDiv      board.o
    0x000010b0   0x00000020   Code   RO         1573    i.CLOCK_GetOscFreq  fsl_clock.o
    0x000010d0   0x0000022c   Code   RO         1575    i.CLOCK_GetPllFreq  fsl_clock.o
    0x000012fc   0x00000058   Code   RO         1578    i.CLOCK_InitArmPll  fsl_clock.o
    0x00001354   0x00000058   Code   RO         1586    i.CLOCK_InitUsb1Pll  fsl_clock.o
    0x000013ac   0x000000c4   Code   RO          561    i.CLOCK_SetDiv      clock_config.o
    0x00001470   0x000000c4   Code   RO          562    i.CLOCK_SetMux      clock_config.o
    0x00001534   0x000000a8   Code   RO         3822    i.ConvertRadixNumToString  fsl_str.o
    0x000015dc   0x0000005c   Code   RO         3875    i.DbgConsole_Init   fsl_debug_console.o
    0x00001638   0x00000040   Code   RO         3876    i.DbgConsole_Printf  fsl_debug_console.o
    0x00001678   0x0000003e   Code   RO         3878    i.DbgConsole_RelocateLog  fsl_debug_console.o
    0x000016b6   0x0000000c   Code   RO          613    i.IOMUXC_SetPinConfig  pin_mux.o
    0x000016c2   0x0000001a   Code   RO          614    i.IOMUXC_SetPinMux  pin_mux.o
    0x000016dc   0x000000d0   Code   RO         3699    i.IO_Init           fsl_io.o
    0x000017ac   0x00000044   Code   RO         3700    i.IO_Transfer       fsl_io.o
    0x000017f0   0x00000024   Code   RO         3752    i.LOG_Init          fsl_log.o
    0x00001814   0x00000022   Code   RO         3753    i.LOG_Pop           fsl_log.o
    0x00001836   0x00000002   PAD
    0x00001838   0x0000006c   Code   RO         3754    i.LOG_Push          fsl_log.o
    0x000018a4   0x0000001c   Code   RO         1789    i.LPUART1_DriverIRQHandler  fsl_lpuart.o
    0x000018c0   0x00000010   Code   RO          344    i.LPUART1_IRQHandler  host_cdc.o
    0x000018d0   0x0000001c   Code   RO         1790    i.LPUART2_DriverIRQHandler  fsl_lpuart.o
    0x000018ec   0x0000001c   Code   RO         1791    i.LPUART3_DriverIRQHandler  fsl_lpuart.o
    0x00001908   0x0000001c   Code   RO         1792    i.LPUART4_DriverIRQHandler  fsl_lpuart.o
    0x00001924   0x0000001c   Code   RO         1793    i.LPUART5_DriverIRQHandler  fsl_lpuart.o
    0x00001940   0x0000001c   Code   RO         1794    i.LPUART6_DriverIRQHandler  fsl_lpuart.o
    0x0000195c   0x0000001c   Code   RO         1795    i.LPUART7_DriverIRQHandler  fsl_lpuart.o
    0x00001978   0x0000001c   Code   RO         1796    i.LPUART8_DriverIRQHandler  fsl_lpuart.o
    0x00001994   0x00000058   Code   RO         1797    i.LPUART_ClearStatusFlags  fsl_lpuart.o
    0x000019ec   0x0000002c   Code   RO         1799    i.LPUART_DisableInterrupts  fsl_lpuart.o
    0x00001a18   0x0000002c   Code   RO         1800    i.LPUART_EnableInterrupts  fsl_lpuart.o
    0x00001a44   0x00000080   Code   RO         1801    i.LPUART_GetDefaultConfig  fsl_lpuart.o
    0x00001ac4   0x00000098   Code   RO         1803    i.LPUART_GetInstance  fsl_lpuart.o
    0x00001b5c   0x00000010   Code   RO         1804    i.LPUART_GetStatusFlags  fsl_lpuart.o
    0x00001b6c   0x00000308   Code   RO         1805    i.LPUART_Init       fsl_lpuart.o
    0x00001e74   0x00000110   Code   RO         1806    i.LPUART_ReadBlocking  fsl_lpuart.o
    0x00001f84   0x0000009c   Code   RO         1807    i.LPUART_ReadNonBlocking  fsl_lpuart.o
    0x00002020   0x0000002e   Code   RO            6    i.LPUART_SeralPortTransferCallback  usb_lpuart_drv.o
    0x0000204e   0x00000002   PAD
    0x00002050   0x000000f0   Code   RO         1811    i.LPUART_TransferCreateHandle  fsl_lpuart.o
    0x00002140   0x00000078   Code   RO         1813    i.LPUART_TransferGetRxRingBufferLength  fsl_lpuart.o
    0x000021b8   0x00000294   Code   RO         1816    i.LPUART_TransferHandleIRQ  fsl_lpuart.o
    0x0000244c   0x00000074   Code   RO         1817    i.LPUART_TransferIsRxRingBufferFull  fsl_lpuart.o
    0x000024c0   0x0000018c   Code   RO         1818    i.LPUART_TransferReceiveNonBlocking  fsl_lpuart.o
    0x0000264c   0x000000e8   Code   RO         1819    i.LPUART_TransferSendNonBlocking  fsl_lpuart.o
    0x00002734   0x0000007c   Code   RO         1822    i.LPUART_WriteBlocking  fsl_lpuart.o
    0x000027b0   0x00000070   Code   RO         1823    i.LPUART_WriteNonBlocking  fsl_lpuart.o
    0x00002820   0x000000a0   Code   RO          492    i.SCB_DisableDCache  board.o
    0x000028c0   0x0000009c   Code   RO          493    i.SCB_EnableDCache  board.o
    0x0000295c   0x0000009c   Code   RO         3637    i.SCB_EnableDCache  system_mimxrt1052.o
    0x000029f8   0x0000007c   Code   RO          494    i.SCB_EnableICache  board.o
    0x00002a74   0x0000007c   Code   RO         3638    i.SCB_EnableICache  system_mimxrt1052.o
    0x00002af0   0x0000022e   Code   RO         3824    i.StrFormatPrintf   fsl_str.o
    0x00002d1e   0x00000002   PAD
    0x00002d20   0x00000034   Code   RO         2159    i.SysTick_Handler   port.o
    0x00002d54   0x000000cc   Code   RO         3640    i.SystemInit        system_mimxrt1052.o
    0x00002e20   0x00000002   Code   RO         3641    i.SystemInitHook    system_mimxrt1052.o
    0x00002e22   0x00000002   PAD
    0x00002e24   0x000000fc   Code   RO          345    i.UART_UserCallback  host_cdc.o
    0x00002f20   0x00000060   Code   RO         1408    i.USB_EhciPhyGetBase  usb_phy.o
    0x00002f80   0x00000070   Code   RO         1409    i.USB_EhciPhyInit   usb_phy.o
    0x00002ff0   0x0000002a   Code   RO         1410    i.USB_EhcihostPhyDisconnectDetectCmd  usb_phy.o
    0x0000301a   0x00000002   PAD
    0x0000301c   0x00000304   Code   RO          346    i.USB_HosCdcTask    host_cdc.o
    0x00003320   0x00000060   Code   RO         1044    i.USB_HostAllocateDeviceAddress  usb_host_devices.o
    0x00003380   0x00000186   Code   RO         1045    i.USB_HostAttachDevice  usb_host_devices.o
    0x00003506   0x00000002   PAD
    0x00003508   0x000000d4   Code   RO          662    i.USB_HostBandwidthComputeTime  usb_host_ehci.o
    0x000035dc   0x000000bc   Code   RO          663    i.USB_HostBandwidthFslsHostAllocate  usb_host_ehci.o
    0x00003698   0x0000003a   Code   RO          664    i.USB_HostBandwidthFslsHostComputeCurrent  usb_host_ehci.o
    0x000036d2   0x00000002   PAD
    0x000036d4   0x00000084   Code   RO          665    i.USB_HostBandwidthHsHostAllocateHsCommon  usb_host_ehci.o
    0x00003758   0x00000284   Code   RO          666    i.USB_HostBandwidthHsHostAllocateInterrupt  usb_host_ehci.o
    0x000039dc   0x00000100   Code   RO          667    i.USB_HostBandwidthHsHostComputeCurrentFsls  usb_host_ehci.o
    0x00003adc   0x0000012c   Code   RO          668    i.USB_HostBandwidthHsHostComputeCurrentHsAll  usb_host_ehci.o
    0x00003c08   0x00000032   Code   RO          916    i.USB_HostCancelTransfer  usb_host_hci.o
    0x00003c3a   0x00000002   PAD
    0x00003c3c   0x00000098   Code   RO         3491    i.USB_HostCdcControl  usb_host_cdc.o
    0x00003cd4   0x00000094   Code   RO          347    i.USB_HostCdcControlCallback  host_cdc.o
    0x00003d68   0x0000002a   Code   RO         3492    i.USB_HostCdcControlPipeCallback  usb_host_cdc.o
    0x00003d92   0x00000002   PAD
    0x00003d94   0x0000004c   Code   RO          348    i.USB_HostCdcDataInCallback  host_cdc.o
    0x00003de0   0x0000002a   Code   RO         3493    i.USB_HostCdcDataInPipeCallback  usb_host_cdc.o
    0x00003e0a   0x00000002   PAD
    0x00003e0c   0x000000a4   Code   RO          349    i.USB_HostCdcDataOutCallback  host_cdc.o
    0x00003eb0   0x0000002a   Code   RO         3494    i.USB_HostCdcDataOutPipeCallback  usb_host_cdc.o
    0x00003eda   0x00000002   PAD
    0x00003edc   0x0000006c   Code   RO         3495    i.USB_HostCdcDataRecv  usb_host_cdc.o
    0x00003f48   0x0000006c   Code   RO         3496    i.USB_HostCdcDataSend  usb_host_cdc.o
    0x00003fb4   0x000000a8   Code   RO         3497    i.USB_HostCdcDeinit  usb_host_cdc.o
    0x0000405c   0x0000002c   Code   RO          350    i.USB_HostCdcEnterCritical  host_cdc.o
    0x00004088   0x000001cc   Code   RO          351    i.USB_HostCdcEvent  host_cdc.o
    0x00004254   0x0000001c   Code   RO          352    i.USB_HostCdcExitCritical  host_cdc.o
    0x00004270   0x0000002a   Code   RO         3499    i.USB_HostCdcGetAcmLineCoding  usb_host_cdc.o
    0x0000429a   0x00000026   Code   RO         3501    i.USB_HostCdcGetPacketsize  usb_host_cdc.o
    0x000042c0   0x0000003e   Code   RO         3502    i.USB_HostCdcInit   usb_host_cdc.o
    0x000042fe   0x00000002   PAD
    0x00004300   0x000000f4   Code   RO          353    i.USB_HostCdcInitBuffer  host_cdc.o
    0x000043f4   0x00000088   Code   RO          354    i.USB_HostCdcInterruptCallback  host_cdc.o
    0x0000447c   0x0000002a   Code   RO         3503    i.USB_HostCdcInterruptPipeCallback  usb_host_cdc.o
    0x000044a6   0x00000002   PAD
    0x000044a8   0x0000006c   Code   RO         3504    i.USB_HostCdcInterruptRecv  usb_host_cdc.o
    0x00004514   0x000000d2   Code   RO         3505    i.USB_HostCdcOpenControlInterface  usb_host_cdc.o
    0x000045e6   0x00000150   Code   RO         3506    i.USB_HostCdcOpenDataInterface  usb_host_cdc.o
    0x00004736   0x0000004a   Code   RO         3508    i.USB_HostCdcSetAcmCtrlState  usb_host_cdc.o
    0x00004780   0x00000038   Code   RO         3509    i.USB_HostCdcSetContorlInterfaceCallback  usb_host_cdc.o
    0x000047b8   0x000000c8   Code   RO         3510    i.USB_HostCdcSetControlInterface  usb_host_cdc.o
    0x00004880   0x000000d8   Code   RO         3511    i.USB_HostCdcSetDataInterface  usb_host_cdc.o
    0x00004958   0x00000038   Code   RO         3512    i.USB_HostCdcSetDataInterfaceCallback  usb_host_cdc.o
    0x00004990   0x00000034   Code   RO         1166    i.USB_HostCh9RequestCommon  usb_host_framework.o
    0x000049c4   0x00000030   Code   RO          135    i.USB_HostClockInit  app.o
    0x000049f4   0x00000100   Code   RO         1046    i.USB_HostCloseDeviceInterface  usb_host_devices.o
    0x00004af4   0x00000028   Code   RO          917    i.USB_HostClosePipe  usb_host_hci.o
    0x00004b1c   0x00000022   Code   RO         1047    i.USB_HostControlBus  usb_host_devices.o
    0x00004b3e   0x00000050   Code   RO         1048    i.USB_HostDetachDevice  usb_host_devices.o
    0x00004b8e   0x0000005c   Code   RO         1049    i.USB_HostDetachDeviceInternal  usb_host_devices.o
    0x00004bea   0x00000058   Code   RO          669    i.USB_HostEhciAddQhToFrame  usb_host_ehci.o
    0x00004c42   0x00000070   Code   RO          670    i.USB_HostEhciCancelPipe  usb_host_ehci.o
    0x00004cb2   0x0000008e   Code   RO          671    i.USB_HostEhciCloseControlBulk  usb_host_ehci.o
    0x00004d40   0x0000003c   Code   RO          672    i.USB_HostEhciCloseInterrupt  usb_host_ehci.o
    0x00004d7c   0x0000007c   Code   RO          673    i.USB_HostEhciClosePipe  usb_host_ehci.o
    0x00004df8   0x0000008a   Code   RO          674    i.USB_HostEhciControlBus  usb_host_ehci.o
    0x00004e82   0x00000002   PAD
    0x00004e84   0x000001c0   Code   RO          675    i.USB_HostEhciCreate  usb_host_ehci.o
    0x00005044   0x0000002a   Code   RO          676    i.USB_HostEhciDelay  usb_host_ehci.o
    0x0000506e   0x0000002a   Code   RO          677    i.USB_HostEhciDestory  usb_host_ehci.o
    0x00005098   0x00000056   Code   RO          678    i.USB_HostEhciGet2PowerValue  usb_host_ehci.o
    0x000050ee   0x00000002   PAD
    0x000050f0   0x000000c8   Code   RO          679    i.USB_HostEhciIoctl  usb_host_ehci.o
    0x000051b8   0x00000098   Code   RO          680    i.USB_HostEhciIsrFunction  usb_host_ehci.o
    0x00005250   0x00000028   Code   RO          681    i.USB_HostEhciOpenControlBulk  usb_host_ehci.o
    0x00005278   0x00000064   Code   RO          682    i.USB_HostEhciOpenInterrupt  usb_host_ehci.o
    0x000052dc   0x00000112   Code   RO          683    i.USB_HostEhciOpenPipe  usb_host_ehci.o
    0x000053ee   0x00000154   Code   RO          684    i.USB_HostEhciPortChange  usb_host_ehci.o
    0x00005542   0x00000026   Code   RO          685    i.USB_HostEhciQhDeinit  usb_host_ehci.o
    0x00005568   0x00000116   Code   RO          686    i.USB_HostEhciQhInit  usb_host_ehci.o
    0x0000567e   0x000000a6   Code   RO          687    i.USB_HostEhciQhQtdListDeinit  usb_host_ehci.o
    0x00005724   0x00000288   Code   RO          688    i.USB_HostEhciQhQtdListInit  usb_host_ehci.o
    0x000059ac   0x0000006e   Code   RO          689    i.USB_HostEhciQtdListRelease  usb_host_ehci.o
    0x00005a1a   0x00000014   Code   RO          690    i.USB_HostEhciReadpipe  usb_host_ehci.o
    0x00005a2e   0x00000034   Code   RO          691    i.USB_HostEhciRemoveFromFrame  usb_host_ehci.o
    0x00005a62   0x00000034   Code   RO          692    i.USB_HostEhciResetIP  usb_host_ehci.o
    0x00005a96   0x0000005a   Code   RO          693    i.USB_HostEhciStartAsync  usb_host_ehci.o
    0x00005af0   0x00000068   Code   RO          694    i.USB_HostEhciStartIP  usb_host_ehci.o
    0x00005b58   0x00000066   Code   RO          695    i.USB_HostEhciStartPeriodic  usb_host_ehci.o
    0x00005bbe   0x00000046   Code   RO          696    i.USB_HostEhciStopAsync  usb_host_ehci.o
    0x00005c04   0x00000046   Code   RO          697    i.USB_HostEhciStopPeriodic  usb_host_ehci.o
    0x00005c4a   0x000000b8   Code   RO          698    i.USB_HostEhciTaskFunction  usb_host_ehci.o
    0x00005d02   0x0000011e   Code   RO          699    i.USB_HostEhciTimer0  usb_host_ehci.o
    0x00005e20   0x000001da   Code   RO          700    i.USB_HostEhciTransactionDone  usb_host_ehci.o
    0x00005ffa   0x00000110   Code   RO          701    i.USB_HostEhciTransferQtdListDeinit  usb_host_ehci.o
    0x0000610a   0x0000003c   Code   RO          702    i.USB_HostEhciWritePipe  usb_host_ehci.o
    0x00006146   0x00000012   Code   RO          703    i.USB_HostEhciZeroMem  usb_host_ehci.o
    0x00006158   0x00000118   Code   RO         1050    i.USB_HostEnumerationTransferCallback  usb_host_devices.o
    0x00006270   0x00000074   Code   RO          136    i.USB_HostEvent     app.o
    0x000062e4   0x0000002e   Code   RO          919    i.USB_HostFreeTransfer  usb_host_hci.o
    0x00006312   0x00000002   PAD
    0x00006314   0x00000014   Code   RO          920    i.USB_HostGetControllerInterface  usb_host_hci.o
    0x00006328   0x000000a8   Code   RO          921    i.USB_HostGetInstance  usb_host_hci.o
    0x000063d0   0x000000c6   Code   RO          923    i.USB_HostHelperGetPeripheralInformation  usb_host_hci.o
    0x00006496   0x00000002   PAD
    0x00006498   0x00000094   Code   RO         3286    i.USB_HostHubClassRequestCommon  usb_host_hub.o
    0x0000652c   0x00000028   Code   RO         3287    i.USB_HostHubClearFeature  usb_host_hub.o
    0x00006554   0x00000030   Code   RO         3288    i.USB_HostHubClearPortFeature  usb_host_hub.o
    0x00006584   0x0000002c   Code   RO         3289    i.USB_HostHubControlCallback  usb_host_hub.o
    0x000065b0   0x0000006a   Code   RO         3390    i.USB_HostHubControlCallback  usb_host_hub_app.o
    0x0000661a   0x00000062   Code   RO         3290    i.USB_HostHubDeinit  usb_host_hub.o
    0x0000667c   0x00000248   Code   RO         3391    i.USB_HostHubDeviceEvent  usb_host_hub_app.o
    0x000068c4   0x0000002a   Code   RO         3291    i.USB_HostHubGetDescriptor  usb_host_hub.o
    0x000068ee   0x0000005e   Code   RO         3392    i.USB_HostHubGetHsHubNumber  usb_host_hub_app.o
    0x0000694c   0x00000060   Code   RO         3393    i.USB_HostHubGetHsHubPort  usb_host_hub_app.o
    0x000069ac   0x00000078   Code   RO         3394    i.USB_HostHubGetHubList  usb_host_hub_app.o
    0x00006a24   0x00000038   Code   RO         3395    i.USB_HostHubGetInterruptStatus  usb_host_hub_app.o
    0x00006a5c   0x00000028   Code   RO         3292    i.USB_HostHubGetPortStatus  usb_host_hub.o
    0x00006a84   0x0000002a   Code   RO         3293    i.USB_HostHubGetStatus  usb_host_hub.o
    0x00006aae   0x0000003c   Code   RO         3396    i.USB_HostHubGetTotalThinkTime  usb_host_hub_app.o
    0x00006aea   0x00000028   Code   RO         3294    i.USB_HostHubInPipeCallback  usb_host_hub.o
    0x00006b12   0x0000004c   Code   RO         3295    i.USB_HostHubInit   usb_host_hub.o
    0x00006b5e   0x0000004e   Code   RO         3397    i.USB_HostHubInterruptInCallback  usb_host_hub_app.o
    0x00006bac   0x00000064   Code   RO         3296    i.USB_HostHubInterruptRecv  usb_host_hub.o
    0x00006c10   0x00000204   Code   RO         3398    i.USB_HostHubProcess  usb_host_hub_app.o
    0x00006e14   0x000000b4   Code   RO         3399    i.USB_HostHubProcessData  usb_host_hub_app.o
    0x00006ec8   0x00000024   Code   RO         3400    i.USB_HostHubProcessPort  usb_host_hub_app.o
    0x00006eec   0x000002e0   Code   RO         3401    i.USB_HostHubProcessPortAttach  usb_host_hub_app.o
    0x000071cc   0x00000174   Code   RO         3402    i.USB_HostHubProcessPortDetach  usb_host_hub_app.o
    0x00007340   0x00000104   Code   RO         3299    i.USB_HostHubSetInterface  usb_host_hub.o
    0x00007444   0x00000030   Code   RO         3300    i.USB_HostHubSetPortFeature  usb_host_hub.o
    0x00007474   0x000000fa   Code   RO          925    i.USB_HostInit      usb_host_hci.o
    0x0000756e   0x00000002   PAD
    0x00007570   0x00000064   Code   RO          137    i.USB_HostIsrEnable  app.o
    0x000075d4   0x00000044   Code   RO          926    i.USB_HostMallocTransfer  usb_host_hci.o
    0x00007618   0x00000098   Code   RO         1052    i.USB_HostNotifyDevice  usb_host_devices.o
    0x000076b0   0x000000ac   Code   RO         1053    i.USB_HostOpenDeviceInterface  usb_host_devices.o
    0x0000775c   0x0000002e   Code   RO          927    i.USB_HostOpenPipe  usb_host_hci.o
    0x0000778a   0x0000025a   Code   RO         1054    i.USB_HostParseDeviceConfigurationDescriptor  usb_host_devices.o
    0x000079e4   0x00000112   Code   RO         1055    i.USB_HostProcessCallback  usb_host_devices.o
    0x00007af6   0x00000002   PAD
    0x00007af8   0x00000198   Code   RO         1056    i.USB_HostProcessState  usb_host_devices.o
    0x00007c90   0x00000046   Code   RO          928    i.USB_HostRecv      usb_host_hci.o
    0x00007cd6   0x00000038   Code   RO         1057    i.USB_HostReleaseDeviceAddress  usb_host_devices.o
    0x00007d0e   0x0000007a   Code   RO         1058    i.USB_HostReleaseDeviceResource  usb_host_devices.o
    0x00007d88   0x0000001a   Code   RO          929    i.USB_HostReleaseInstance  usb_host_hci.o
    0x00007da2   0x0000003e   Code   RO         1060    i.USB_HostRemoveDeviceInstance  usb_host_devices.o
    0x00007de0   0x00000044   Code   RO          930    i.USB_HostSend      usb_host_hci.o
    0x00007e24   0x00000060   Code   RO          931    i.USB_HostSendSetup  usb_host_hci.o
    0x00007e84   0x00000020   Code   RO         1170    i.USB_HostStandardSetAddress  usb_host_framework.o
    0x00007ea4   0x0000002e   Code   RO         1172    i.USB_HostStandardSetGetDescriptor  usb_host_framework.o
    0x00007ed2   0x0000000c   Code   RO          138    i.USB_HostTaskFn    app.o
    0x00007ede   0x00000022   Code   RO         1061    i.USB_HostValidateDevice  usb_host_devices.o
    0x00007f00   0x00000010   Code   RO          139    i.USB_OTG1_IRQHandler  app.o
    0x00007f10   0x00000010   Code   RO          140    i.USB_OTG2_IRQHandler  app.o
    0x00007f20   0x0000002a   Code   RO         1238    i.USB_OsaEnterCritical  usb_osa_freertos.o
    0x00007f4a   0x00000038   Code   RO         1241    i.USB_OsaEventCreate  usb_osa_freertos.o
    0x00007f82   0x00000020   Code   RO         1242    i.USB_OsaEventDestroy  usb_osa_freertos.o
    0x00007fa2   0x00000002   PAD
    0x00007fa4   0x0000004c   Code   RO         1243    i.USB_OsaEventSet   usb_osa_freertos.o
    0x00007ff0   0x00000062   Code   RO         1244    i.USB_OsaEventWait  usb_osa_freertos.o
    0x00008052   0x0000001a   Code   RO         1245    i.USB_OsaExitCritical  usb_osa_freertos.o
    0x0000806c   0x00000022   Code   RO         1246    i.USB_OsaMemoryAllocate  usb_osa_freertos.o
    0x0000808e   0x0000000c   Code   RO         1247    i.USB_OsaMemoryFree  usb_osa_freertos.o
    0x0000809a   0x0000001e   Code   RO         1253    i.USB_OsaMutexCreate  usb_osa_freertos.o
    0x000080b8   0x00000014   Code   RO         1254    i.USB_OsaMutexDestroy  usb_osa_freertos.o
    0x000080cc   0x00000020   Code   RO         1255    i.USB_OsaMutexLock  usb_osa_freertos.o
    0x000080ec   0x0000001c   Code   RO         1256    i.USB_OsaMutexUnlock  usb_osa_freertos.o
    0x00008108   0x0000000e   Code   RO            8    i.USB_SerialPortIRQHandler  usb_lpuart_drv.o
    0x00008116   0x00000002   PAD
    0x00008118   0x00000100   Code   RO            9    i.USB_SerialPortInit  usb_lpuart_drv.o
    0x00008218   0x00000024   Code   RO           10    i.USB_SerialPortRecv  usb_lpuart_drv.o
    0x0000823c   0x00000020   Code   RO           11    i.USB_SerialPortSend  usb_lpuart_drv.o
    0x0000825c   0x00000044   Code   RO         3963    i.__aeabi_assert    fsl_assert.o
    0x000082a0   0x00000006   Code   RO         1261    i.__get_IPSR        usb_osa_freertos.o
    0x000082a6   0x0000000e   Code   RO         4393    i.__scatterload_copy  mc_w.l(handlers.o)
    0x000082b4   0x00000002   Code   RO         4394    i.__scatterload_null  mc_w.l(handlers.o)
    0x000082b6   0x0000000e   Code   RO         4395    i.__scatterload_zeroinit  mc_w.l(handlers.o)
    0x000082c4   0x00000010   Code   RO          141    i.app_task          app.o
    0x000082d4   0x00000022   Code   RO          355    i.freeNodeToQueue   host_cdc.o
    0x000082f6   0x00000002   PAD
    0x000082f8   0x00000054   Code   RO          356    i.getBufferNode     host_cdc.o
    0x0000834c   0x0000001e   Code   RO          357    i.getNodeFromQueue  host_cdc.o
    0x0000836a   0x0000002e   Code   RO          358    i.insertNodeToQueue  host_cdc.o
    0x00008398   0x000000bc   Code   RO          142    i.main              app.o
    0x00008454   0x00000098   Code   RO         2745    i.prvAddCurrentTaskToDelayedList  tasks.o
    0x000084ec   0x000000b8   Code   RO         2746    i.prvAddNewTaskToReadyList  tasks.o
    0x000085a4   0x00000064   Code   RO         3125    i.prvCheckForValidListAndQueue  timers.o
    0x00008608   0x00000048   Code   RO         2747    i.prvCheckTasksWaitingTermination  tasks.o
    0x00008650   0x0000002a   Code   RO         2383    i.prvCopyDataFromQueue  queue.o
    0x0000867a   0x0000007c   Code   RO         2384    i.prvCopyDataToQueue  queue.o
    0x000086f6   0x00000012   Code   RO         2748    i.prvDeleteTCB      tasks.o
    0x00008708   0x00000014   Code   RO         2385    i.prvGetDisinheritPriorityAfterTimeout  queue.o
    0x0000871c   0x00000028   Code   RO         3126    i.prvGetNextExpireTime  timers.o
    0x00008744   0x0000007c   Code   RO         2085    i.prvHeapInit       heap_4.o
    0x000087c0   0x00000028   Code   RO         2749    i.prvIdleTask       tasks.o
    0x000087e8   0x0000001c   Code   RO         2386    i.prvInitialiseMutex  queue.o
    0x00008804   0x0000002a   Code   RO         2387    i.prvInitialiseNewQueue  queue.o
    0x0000882e   0x000000c8   Code   RO         2750    i.prvInitialiseNewTask  tasks.o
    0x000088f6   0x00000002   PAD
    0x000088f8   0x00000068   Code   RO         2751    i.prvInitialiseTaskLists  tasks.o
    0x00008960   0x00000068   Code   RO         2086    i.prvInsertBlockIntoFreeList  heap_4.o
    0x000089c8   0x00000058   Code   RO         3128    i.prvInsertTimerInActiveList  timers.o
    0x00008a20   0x0000001a   Code   RO         2388    i.prvIsQueueEmpty   queue.o
    0x00008a3a   0x0000001e   Code   RO         2389    i.prvIsQueueFull    queue.o
    0x00008a58   0x00000064   Code   RO         3129    i.prvProcessExpiredTimer  timers.o
    0x00008abc   0x00000120   Code   RO         3130    i.prvProcessReceivedCommands  timers.o
    0x00008bdc   0x00000074   Code   RO         3131    i.prvProcessTimerOrBlockTask  timers.o
    0x00008c50   0x00000034   Code   RO         2753    i.prvResetNextTaskUnblockTime  tasks.o
    0x00008c84   0x0000002c   Code   RO         3132    i.prvSampleTimeNow  timers.o
    0x00008cb0   0x000000a0   Code   RO         3133    i.prvSwitchTimerLists  timers.o
    0x00008d50   0x00000040   Code   RO         2160    i.prvTaskExitError  port.o
    0x00008d90   0x0000001e   Code   RO         2239    i.prvTestWaitCondition  event_groups.o
    0x00008dae   0x0000001a   Code   RO         3134    i.prvTimerTask      timers.o
    0x00008dc8   0x0000007e   Code   RO         2390    i.prvUnlockQueue    queue.o
    0x00008e46   0x00000002   PAD
    0x00008e48   0x0000013c   Code   RO         2087    i.pvPortMalloc      heap_4.o
    0x00008f84   0x00000020   Code   RO         2758    i.pvTaskIncrementMutexHeldCount  tasks.o
    0x00008fa4   0x0000002c   Code   RO         2161    i.pxPortInitialiseStack  port.o
    0x00008fd0   0x0000000c   Code   RO          143    i.usb_host_task     app.o
    0x00008fdc   0x00000028   Code   RO         2343    i.uxListRemove      list.o
    0x00009004   0x0000001c   Code   RO         2765    i.uxTaskResetEventItemValue  tasks.o
    0x00009020   0x00000052   Code   RO         2242    i.vEventGroupDelete  event_groups.o
    0x00009072   0x00000010   Code   RO         2243    i.vEventGroupSetBitsCallback  event_groups.o
    0x00009082   0x0000001a   Code   RO         2344    i.vListInitialise   list.o
    0x0000909c   0x00000006   Code   RO         2345    i.vListInitialiseItem  list.o
    0x000090a2   0x00000034   Code   RO         2346    i.vListInsert       list.o
    0x000090d6   0x00000018   Code   RO         2347    i.vListInsertEnd    list.o
    0x000090ee   0x00000002   PAD
    0x000090f0   0x00000054   Code   RO         2163    i.vPortEnterCritical  port.o
    0x00009144   0x0000003c   Code   RO         2164    i.vPortExitCritical  port.o
    0x00009180   0x00000094   Code   RO         2088    i.vPortFree         heap_4.o
    0x00009214   0x00000028   Code   RO         3267    i.vPortSetupTimerInterrupt  fsl_tickless_systick.o
    0x0000923c   0x00000078   Code   RO         2165    i.vPortValidateInterruptPriority  port.o
    0x000092b4   0x0000002c   Code   RO         2396    i.vQueueAddToRegistry  queue.o
    0x000092e0   0x0000002c   Code   RO         2397    i.vQueueDelete      queue.o
    0x0000930c   0x00000030   Code   RO         2399    i.vQueueUnregisterQueue  queue.o
    0x0000933c   0x0000004a   Code   RO         2400    i.vQueueWaitForMessageRestricted  queue.o
    0x00009386   0x00000002   PAD
    0x00009388   0x00000018   Code   RO         2771    i.vTaskInternalSetTimeOutState  tasks.o
    0x000093a0   0x0000000c   Code   RO         2773    i.vTaskMissedYield  tasks.o
    0x000093ac   0x00000038   Code   RO         2775    i.vTaskPlaceOnEventList  tasks.o
    0x000093e4   0x00000040   Code   RO         2776    i.vTaskPlaceOnEventListRestricted  tasks.o
    0x00009424   0x0000006c   Code   RO         2777    i.vTaskPlaceOnUnorderedEventList  tasks.o
    0x00009490   0x000000f4   Code   RO         2778    i.vTaskPriorityDisinheritAfterTimeout  tasks.o
    0x00009584   0x000000a4   Code   RO         2780    i.vTaskRemoveFromUnorderedEventList  tasks.o
    0x00009628   0x00000094   Code   RO         2785    i.vTaskStartScheduler  tasks.o
    0x000096bc   0x00000010   Code   RO         2787    i.vTaskSuspendAll   tasks.o
    0x000096cc   0x0000008c   Code   RO         2788    i.vTaskSwitchContext  tasks.o
    0x00009758   0x0000001a   Code   RO         2247    i.xEventGroupCreate  event_groups.o
    0x00009772   0x000000ce   Code   RO         2249    i.xEventGroupSetBits  event_groups.o
    0x00009840   0x00000024   Code   RO         2250    i.xEventGroupSetBitsFromISR  event_groups.o
    0x00009864   0x00000158   Code   RO         2252    i.xEventGroupWaitBits  event_groups.o
    0x000099bc   0x00000168   Code   RO         2166    i.xPortStartScheduler  port.o
    0x00009b24   0x00000022   Code   RO         2402    i.xQueueCreateMutex  queue.o
    0x00009b46   0x00000058   Code   RO         2403    i.xQueueGenericCreate  queue.o
    0x00009b9e   0x00000002   PAD
    0x00009ba0   0x00000098   Code   RO         2404    i.xQueueGenericReset  queue.o
    0x00009c38   0x000001a8   Code   RO         2405    i.xQueueGenericSend  queue.o
    0x00009de0   0x000000f8   Code   RO         2406    i.xQueueGenericSendFromISR  queue.o
    0x00009ed8   0x00000048   Code   RO         2408    i.xQueueGiveMutexRecursive  queue.o
    0x00009f20   0x00000168   Code   RO         2413    i.xQueueReceive     queue.o
    0x0000a088   0x000001b8   Code   RO         2415    i.xQueueSemaphoreTake  queue.o
    0x0000a240   0x0000004e   Code   RO         2416    i.xQueueTakeMutexRecursive  queue.o
    0x0000a28e   0x00000002   PAD
    0x0000a290   0x0000008c   Code   RO         2789    i.xTaskCheckForTimeOut  tasks.o
    0x0000a31c   0x00000060   Code   RO         2790    i.xTaskCreate       tasks.o
    0x0000a37c   0x0000000c   Code   RO         2793    i.xTaskGetCurrentTaskHandle  tasks.o
    0x0000a388   0x00000020   Code   RO         2794    i.xTaskGetSchedulerState  tasks.o
    0x0000a3a8   0x0000000c   Code   RO         2795    i.xTaskGetTickCount  tasks.o
    0x0000a3b4   0x00000148   Code   RO         2797    i.xTaskIncrementTick  tasks.o
    0x0000a4fc   0x000000c8   Code   RO         2800    i.xTaskPriorityDisinherit  tasks.o
    0x0000a5c4   0x000000c8   Code   RO         2801    i.xTaskPriorityInherit  tasks.o
    0x0000a68c   0x00000098   Code   RO         2802    i.xTaskRemoveFromEventList  tasks.o
    0x0000a724   0x00000104   Code   RO         2803    i.xTaskResumeAll    tasks.o
    0x0000a828   0x00000054   Code   RO         3140    i.xTimerCreateTimerTask  timers.o
    0x0000a87c   0x00000084   Code   RO         3141    i.xTimerGenericCommand  timers.o
    0x0000a900   0x00000034   Code   RO         3147    i.xTimerPendFunctionCallFromISR  timers.o
    0x0000a934   0x00000024   Data   RO           13    .constdata          usb_lpuart_drv.o
    0x0000a958   0x00000003   Data   RO          145    .constdata          app.o
    0x0000a95b   0x00000001   PAD
    0x0000a95c   0x0000001a   Data   RO          563    .constdata          clock_config.o
    0x0000a976   0x00000002   PAD
    0x0000a978   0x00000018   Data   RO          705    .constdata          usb_host_ehci.o
    0x0000a990   0x0000001c   Data   RO          933    .constdata          usb_host_hci.o
    0x0000a9ac   0x00000038   Data   RO         1062    .constdata          usb_host_devices.o
    0x0000a9e4   0x00000018   Data   RO         1411    .constdata          usb_phy.o
    0x0000a9fc   0x00000010   Data   RO         1590    .constdata          fsl_clock.o
    0x0000aa0c   0x00000048   Data   RO         1825    .constdata          fsl_lpuart.o
    0x0000aa54   0x00000010   Data   RO         2806    .constdata          tasks.o
    0x0000aa64   0x0000006d   Data   RO          146    .conststring        app.o
    0x0000aad1   0x00000003   PAD
    0x0000aad4   0x00000043   Data   RO         3882    .conststring        fsl_debug_console.o
    0x0000ab17   0x00000001   PAD
    0x0000ab18   0x00000020   Data   RO         4391    Region$$Table       anon$$obj.o


    Execution Region RW_m_data (Base: 0x80000000, Size: 0x0000c4d0, Max: 0x01dfc000, ABSOLUTE)

    Base Addr    Size         Type   Attr      Idx    E Section Name        Object

    0x80000000   0x00000010   Data   RW          147    .data               app.o
    0x80000010   0x00000048   Data   RW          360    .data               host_cdc.o
    0x80000058   0x0000000c   Data   RW          706    .data               usb_host_ehci.o
    0x80000064   0x00000008   Data   RW         1591    .data               fsl_clock.o
    0x8000006c   0x00000004   Data   RW         1826    .data               fsl_lpuart.o
    0x80000070   0x00000018   Data   RW         2093    .data               heap_4.o
    0x80000088   0x0000000c   Data   RW         2167    .data               port.o
    0x80000094   0x0000003c   Data   RW         2807    .data               tasks.o
    0x800000d0   0x00000014   Data   RW         3149    .data               timers.o
    0x800000e4   0x00000008   Data   RW         3405    .data               usb_host_hub_app.o
    0x800000ec   0x00000004   Data   RW         3642    .data               system_mimxrt1052.o
    0x800000f0   0x00000008   Data   RW         3702    .data               fsl_io.o
    0x800000f8   0x00000034   Zero   RW           12    .bss                usb_lpuart_drv.o
    0x8000012c   0x00000014   Zero   RW          144    .bss                app.o
    0x80000140   0x00000184   Zero   RW          359    .bss                host_cdc.o
    0x800002c4   0x00000d3c   PAD
    0x80001000   0x00002b80   Zero   RW          704    .bss                usb_host_ehci.o
    0x80003b80   0x000006d8   Zero   RW          932    .bss                usb_host_hci.o
    0x80004258   0x00000024   Zero   RW         1824    .bss                fsl_lpuart.o
    0x8000427c   0x00008000   Zero   RW         2092    .bss                heap_4.o
    0x8000c27c   0x00000040   Zero   RW         2417    .bss                queue.o
    0x8000c2bc   0x000001cc   Zero   RW         2805    .bss                tasks.o
    0x8000c488   0x00000028   Zero   RW         3148    .bss                timers.o
    0x8000c4b0   0x00000020   Zero   RW         3404    .bss                usb_host_hub_app.o


    Execution Region ARM_LIB_HEAP (Base: 0x8000c4d0, Size: 0x00002000, Max: 0x00002000, ABSOLUTE)

    Base Addr    Size         Type   Attr      Idx    E Section Name        Object

    0x8000c4d0   0x00002000   Zero   RW            1    ARM_LIB_HEAP.bss    anon$$obj.o


    Execution Region ARM_LIB_STACK (Base: 0x81dfe000, Size: 0x00002000, Max: 0x00002000, ABSOLUTE)

    Base Addr    Size         Type   Attr      Idx    E Section Name        Object

    0x81dfe000   0x00002000   Zero   RW            2    ARM_LIB_STACK.bss   anon$$obj.o


    Execution Region RW_m_ncache (Base: 0x81e00000, Size: 0x00000000, Max: 0x00200000, ABSOLUTE)

    **** No section assigned to this execution region ****


==============================================================================

Image component sizes


      Code (inc. data)   RO Data    RW Data    ZI Data      Debug   Object Name

       888        366        112         16         20    1437091   app.o
      1052        110          0          0          0      54181   board.o
      1140        354         26          0          0      14283   clock_config.o
       740         12          0          0          0      18448   event_groups.o
        68         44          0          0          0        873   fsl_assert.o
       956         80         16          8          0      17351   fsl_clock.o
       218         54         67          0          0       3786   fsl_debug_console.o
       276         82          0          8          0       8592   fsl_io.o
       178         76          0          0          0       4520   fsl_log.o
      4036       1366         72          4         36      75980   fsl_lpuart.o
       726          0          0          0          0       4390   fsl_str.o
        40          4          0          0          0        811   fsl_tickless_systick.o
       692         62          0         24      32768      16039   heap_4.o
      2534        612          0         72        388      32966   host_cdc.o
       148          0          0          0          0       4742   list.o
       294         86          0          0          0      82704   pin_mux.o
       974         88          0         12          0      12988   port.o
      2544         28          0          0         64      25405   queue.o
       444        210       1024          0          0       3328   startup_mimxrt1052.o
       486         38          0          4          0      38363   system_mimxrt1052.o
      3290        412         16         60        460      34631   tasks.o
      1230        116          0         20         40      13967   timers.o
      2102         32          0          0          0      21584   usb_host_cdc.o
      3110         32         56          0          0      21399   usb_host_devices.o
      7272        100         24         12      11136      56268   usb_host_ehci.o
       130          0          0          0          0       3631   usb_host_framework.o
      1146         32         28          0       1752      14442   usb_host_hci.o
      1026         10          0          0          0      14892   usb_host_hub.o
      3034        124          0          8         32      17836   usb_host_hub_app.o
       384         12         36          0         52    1371248   usb_lpuart_drv.o
       492          4          0          0          0      12788   usb_osa_freertos.o
       250         16         24          0          0       3668   usb_phy.o

    ----------------------------------------------------------------------
     41958       4562       1540        248      66520    3443195   Object Totals
         0          0         32          0      16384          0   (incl. Generated)
        58          0          7          0       3388          0   (incl. Padding)

    ----------------------------------------------------------------------

      Code (inc. data)   RO Data    RW Data    ZI Data      Debug   Library Member Name

         0          0          0          0          0          0   entry.o
         0          0          0          0          0          0   entry10a.o
         0          0          0          0          0          0   entry11a.o
         8          4          0          0          0          0   entry4.o
         4          0          0          0          0          0   entry5.o
         0          0          0          0          0          0   entry7b.o
         0          0          0          0          0          0   entry8b.o
         8          4          0          0          0          0   entry9a.o
        30          0          0          0          0          0   handlers.o
        36          8          0          0          0         68   init.o
        30          0          0          0          0         68   llshl.o
        32          0          0          0          0         68   llushr.o
        36          0          0          0          0         68   memcpya.o
        36          0          0          0          0        108   memseta.o
        14          0          0          0          0         68   strlen.o
        98          0          0          0          0         92   uldiv.o

    ----------------------------------------------------------------------
       334         16          0          0          0        540   Library Totals
         2          0          0          0          0          0   (incl. Padding)

    ----------------------------------------------------------------------

      Code (inc. data)   RO Data    RW Data    ZI Data      Debug   Library Name

       332         16          0          0          0        540   mc_w.l

    ----------------------------------------------------------------------
       334         16          0          0          0        540   Library Totals

    ----------------------------------------------------------------------

==============================================================================


      Code (inc. data)   RO Data    RW Data    ZI Data      Debug   

     42292       4578       1540        248      66520    3412783   Grand Totals
     42292       4578       1540        248      66520    3412783   ELF Image Totals
     42292       4578       1540        248          0          0   ROM Totals

==============================================================================

    Total RO  Size (Code + RO Data)                43832 (  42.80kB)
    Total RW  Size (RW Data + ZI Data)             66768 (  65.20kB)
    Total ROM Size (Code + RO Data + RW Data)      44080 (  43.05kB)

==============================================================================

